Component: ARM Compiler 5.05 (build 41) Tool: armlink [4d0eb9]

==============================================================================

Section Cross References

    startup_stm32f746xx.o(STACK) refers (Special) to heapauxi.o(.text) for __use_two_region_memory
    startup_stm32f746xx.o(HEAP) refers (Special) to heapauxi.o(.text) for __use_two_region_memory
    startup_stm32f746xx.o(RESET) refers (Special) to heapauxi.o(.text) for __use_two_region_memory
    startup_stm32f746xx.o(RESET) refers to startup_stm32f746xx.o(STACK) for __initial_sp
    startup_stm32f746xx.o(RESET) refers to startup_stm32f746xx.o(.text) for Reset_Handler
    startup_stm32f746xx.o(RESET) refers to stm32f7xx_it.o(.text) for NMI_Handler
    startup_stm32f746xx.o(.text) refers (Special) to heapauxi.o(.text) for __use_two_region_memory
    startup_stm32f746xx.o(.text) refers to system_stm32f7xx.o(.text) for SystemInit
    startup_stm32f746xx.o(.text) refers to __main.o(!!!main) for __main
    startup_stm32f746xx.o(.text) refers to startup_stm32f746xx.o(HEAP) for Heap_Mem
    startup_stm32f746xx.o(.text) refers to startup_stm32f746xx.o(STACK) for Stack_Mem
    system_stm32f7xx.o(.text) refers to system_stm32f7xx.o(.data) for SystemCoreClock
    system_stm32f7xx.o(.text) refers to system_stm32f7xx.o(.constdata) for AHBPrescTable
    stm32f7xx_hal.o(.text) refers to stm32f7xx_hal_cortex.o(.text) for HAL_SYSTICK_Config
    stm32f7xx_hal.o(.text) refers to system_stm32f7xx.o(.data) for SystemCoreClock
    stm32f7xx_hal.o(.text) refers to stm32f7xx_hal.o(.data) for uwTick
    stm32f7xx_hal_adc.o(.text) refers to stm32f7xx_hal.o(.text) for HAL_GetTick
    stm32f7xx_hal_adc.o(.text) refers to system_stm32f7xx.o(.data) for SystemCoreClock
    stm32f7xx_hal_adc.o(.text) refers to stm32f7xx_hal_adc_ex.o(.text) for HAL_ADCEx_InjectedConvCpltCallback
    stm32f7xx_hal_adc.o(.text) refers to stm32f7xx_hal_dma.o(.text) for HAL_DMA_Start_IT
    stm32f7xx_hal_adc_ex.o(.text) refers to stm32f7xx_hal.o(.text) for HAL_GetTick
    stm32f7xx_hal_adc_ex.o(.text) refers to stm32f7xx_hal_adc.o(.text) for HAL_ADC_ErrorCallback
    stm32f7xx_hal_adc_ex.o(.text) refers to system_stm32f7xx.o(.data) for SystemCoreClock
    stm32f7xx_hal_adc_ex.o(.text) refers to stm32f7xx_hal_dma.o(.text) for HAL_DMA_Start_IT
    stm32f7xx_hal_dma.o(.text) refers to stm32f7xx_hal.o(.text) for HAL_GetTick
    stm32f7xx_hal_dma.o(.text) refers to stm32f7xx_hal_dma.o(.constdata) for flagBitshiftOffset
    stm32f7xx_hal_dma.o(.text) refers to system_stm32f7xx.o(.data) for SystemCoreClock
    stm32f7xx_hal_dma2d.o(.text) refers to stm32f7xx_hal.o(.text) for HAL_GetTick
    stm32f7xx_hal_flash.o(.text) refers to stm32f7xx_hal.o(.text) for HAL_GetTick
    stm32f7xx_hal_flash.o(.text) refers to stm32f7xx_hal_flash_ex.o(.text) for FLASH_Erase_Sector
    stm32f7xx_hal_flash.o(.text) refers to stm32f7xx_hal_flash.o(.bss) for pFlash
    stm32f7xx_hal_flash_ex.o(.text) refers to stm32f7xx_hal_flash.o(.text) for FLASH_WaitForLastOperation
    stm32f7xx_hal_flash_ex.o(.text) refers to stm32f7xx_hal_flash.o(.bss) for pFlash
    stm32f7xx_hal_i2c.o(.text) refers to stm32f7xx_hal.o(.text) for HAL_GetTick
    stm32f7xx_hal_i2c.o(.text) refers to stm32f7xx_hal_dma.o(.text) for HAL_DMA_Abort_IT
    stm32f7xx_hal_ltdc.o(.text) refers to rt_memcpy_w.o(.text) for __aeabi_memcpy4
    stm32f7xx_hal_pwr_ex.o(.text) refers to stm32f7xx_hal.o(.text) for HAL_GetTick
    stm32f7xx_hal_rcc.o(.text) refers to stm32f7xx_hal.o(.text) for HAL_GetTick
    stm32f7xx_hal_rcc.o(.text) refers to system_stm32f7xx.o(.data) for SystemCoreClock
    stm32f7xx_hal_rcc.o(.text) refers to stm32f7xx_hal_gpio.o(.text) for HAL_GPIO_Init
    stm32f7xx_hal_rcc.o(.text) refers to system_stm32f7xx.o(.constdata) for AHBPrescTable
    stm32f7xx_hal_rcc_ex.o(.text) refers to stm32f7xx_hal.o(.text) for HAL_GetTick
    stm32f7xx_hal_sd.o(.text) refers to stm32f7xx_ll_sdmmc.o(.text) for SDMMC_GetCommandResponse
    stm32f7xx_hal_sd.o(.text) refers to stm32f7xx_hal.o(.text) for HAL_Delay
    stm32f7xx_hal_sd.o(.text) refers to lludivv7m.o(.text) for __aeabi_uldivmod
    stm32f7xx_hal_sd.o(.text) refers to stm32f7xx_hal_dma.o(.text) for HAL_DMA_Abort
    stm32f7xx_hal_sd.o(.text) refers to rt_memclr_w.o(.text) for __aeabi_memclr4
    stm32f7xx_hal_sdram.o(.text) refers to stm32f7xx_ll_fmc.o(.text) for FMC_SDRAM_Init
    stm32f7xx_hal_sdram.o(.text) refers to stm32f7xx_hal_dma.o(.text) for HAL_DMA_Start_IT
    stm32f7xx_hal_sram.o(.text) refers to stm32f7xx_ll_fmc.o(.text) for FMC_NORSRAM_Init
    stm32f7xx_hal_sram.o(.text) refers to stm32f7xx_hal_dma.o(.text) for HAL_DMA_Start_IT
    stm32f7xx_hal_tim.o(.text) refers to stm32f7xx_hal_dma.o(.text) for HAL_DMA_Start_IT
    stm32f7xx_hal_tim.o(.text) refers to stm32f7xx_hal_tim_ex.o(.text) for HAL_TIMEx_BreakCallback
    stm32f7xx_hal_tim_ex.o(.text) refers to stm32f7xx_hal_tim.o(.text) for TIM_Base_SetConfig
    stm32f7xx_hal_tim_ex.o(.text) refers to stm32f7xx_hal_dma.o(.text) for HAL_DMA_Start_IT
    stm32f7xx_hal_uart.o(.text) refers to stm32f7xx_hal.o(.text) for HAL_GetTick
    stm32f7xx_hal_uart.o(.text) refers to stm32f7xx_hal_rcc.o(.text) for HAL_RCC_GetPCLK1Freq
    stm32f7xx_hal_uart.o(.text) refers to stm32f7xx_hal_dma.o(.text) for HAL_DMA_Start_IT
    stm32f7xx_ll_fmc.o(.text) refers to stm32f7xx_hal.o(.text) for HAL_GetTick
    main.o(.text) refers to system_stm32f7xx.o(.text) for SystemInit
    main.o(.text) refers to system_stm32f7xx.o(.data) for SystemCoreClock
    __main.o(!!!main) refers to __rtentry.o(.ARM.Collect$$rtentry$$00000000) for __rt_entry
    __rtentry.o(.ARM.Collect$$rtentry$$00000000) refers (Special) to __rtentry2.o(.ARM.Collect$$rtentry$$0000000A) for __rt_entry_li
    __rtentry.o(.ARM.Collect$$rtentry$$00000000) refers (Special) to __rtentry2.o(.ARM.Collect$$rtentry$$0000000D) for __rt_entry_main
    __rtentry.o(.ARM.Collect$$rtentry$$00000000) refers (Special) to __rtentry2.o(.ARM.Collect$$rtentry$$0000000C) for __rt_entry_postli_1
    __rtentry.o(.ARM.Collect$$rtentry$$00000000) refers (Special) to __rtentry2.o(.ARM.Collect$$rtentry$$00000009) for __rt_entry_postsh_1
    __rtentry.o(.ARM.Collect$$rtentry$$00000000) refers (Special) to __rtentry2.o(.ARM.Collect$$rtentry$$00000002) for __rt_entry_presh_1
    __rtentry.o(.ARM.Collect$$rtentry$$00000000) refers (Special) to __rtentry4.o(.ARM.Collect$$rtentry$$00000004) for __rt_entry_sh
    aeabi_ldiv0_sigfpe.o(.text) refers to rt_div0.o(.text) for __rt_div0
    __rtentry2.o(.ARM.Collect$$rtentry$$00000008) refers to boardinit2.o(.text) for _platform_post_stackheap_init
    __rtentry2.o(.ARM.Collect$$rtentry$$0000000A) refers to libinit.o(.ARM.Collect$$libinit$$00000000) for __rt_lib_init
    __rtentry2.o(.ARM.Collect$$rtentry$$0000000B) refers to boardinit3.o(.text) for _platform_post_lib_init
    __rtentry2.o(.ARM.Collect$$rtentry$$0000000D) refers to main.o(.text) for main
    __rtentry2.o(.ARM.Collect$$rtentry$$0000000D) refers to exit.o(.text) for exit
    __rtentry2.o(.ARM.exidx) refers to __rtentry2.o(.ARM.Collect$$rtentry$$00000001) for .ARM.Collect$$rtentry$$00000001
    __rtentry2.o(.ARM.exidx) refers to __rtentry2.o(.ARM.Collect$$rtentry$$00000008) for .ARM.Collect$$rtentry$$00000008
    __rtentry2.o(.ARM.exidx) refers to __rtentry2.o(.ARM.Collect$$rtentry$$0000000A) for .ARM.Collect$$rtentry$$0000000A
    __rtentry2.o(.ARM.exidx) refers to __rtentry2.o(.ARM.Collect$$rtentry$$0000000B) for .ARM.Collect$$rtentry$$0000000B
    __rtentry2.o(.ARM.exidx) refers to __rtentry2.o(.ARM.Collect$$rtentry$$0000000D) for .ARM.Collect$$rtentry$$0000000D
    __rtentry4.o(.ARM.Collect$$rtentry$$00000004) refers to sys_stackheap_outer.o(.text) for __user_setup_stackheap
    __rtentry4.o(.ARM.exidx) refers to __rtentry4.o(.ARM.Collect$$rtentry$$00000004) for .ARM.Collect$$rtentry$$00000004
    rt_div0.o(.text) refers to defsig_fpe_outer.o(.text) for __rt_SIGFPE
    sys_stackheap_outer.o(.text) refers to libspace.o(.text) for __user_perproc_libspace
    sys_stackheap_outer.o(.text) refers to startup_stm32f746xx.o(.text) for __user_initial_stackheap
    exit.o(.text) refers to rtexit.o(.ARM.Collect$$rtexit$$00000000) for __rt_exit
    defsig_fpe_outer.o(.text) refers to defsig_fpe_inner.o(.text) for __rt_SIGFPE_inner
    defsig_fpe_outer.o(.text) refers to defsig_exit.o(.text) for __sig_exit
    defsig_fpe_formal.o(.text) refers to rt_raise.o(.text) for __rt_raise
    libinit.o(.ARM.Collect$$libinit$$00000000) refers (Special) to libinit2.o(.ARM.Collect$$libinit$$0000002E) for __rt_lib_init_alloca_1
    libinit.o(.ARM.Collect$$libinit$$00000000) refers (Special) to libinit2.o(.ARM.Collect$$libinit$$0000002C) for __rt_lib_init_argv_1
    libinit.o(.ARM.Collect$$libinit$$00000000) refers (Special) to libinit2.o(.ARM.Collect$$libinit$$0000001B) for __rt_lib_init_atexit_1
    libinit.o(.ARM.Collect$$libinit$$00000000) refers (Special) to libinit2.o(.ARM.Collect$$libinit$$00000021) for __rt_lib_init_clock_1
    libinit.o(.ARM.Collect$$libinit$$00000000) refers (Special) to libinit2.o(.ARM.Collect$$libinit$$00000032) for __rt_lib_init_cpp_1
    libinit.o(.ARM.Collect$$libinit$$00000000) refers (Special) to libinit2.o(.ARM.Collect$$libinit$$00000030) for __rt_lib_init_exceptions_1
    libinit.o(.ARM.Collect$$libinit$$00000000) refers (Special) to libinit2.o(.ARM.Collect$$libinit$$00000001) for __rt_lib_init_fp_1
    libinit.o(.ARM.Collect$$libinit$$00000000) refers (Special) to libinit2.o(.ARM.Collect$$libinit$$0000001F) for __rt_lib_init_fp_trap_1
    libinit.o(.ARM.Collect$$libinit$$00000000) refers (Special) to libinit2.o(.ARM.Collect$$libinit$$00000023) for __rt_lib_init_getenv_1
    libinit.o(.ARM.Collect$$libinit$$00000000) refers (Special) to libinit2.o(.ARM.Collect$$libinit$$0000000A) for __rt_lib_init_heap_1
    libinit.o(.ARM.Collect$$libinit$$00000000) refers (Special) to libinit2.o(.ARM.Collect$$libinit$$00000011) for __rt_lib_init_lc_collate_1
    libinit.o(.ARM.Collect$$libinit$$00000000) refers (Special) to libinit2.o(.ARM.Collect$$libinit$$00000013) for __rt_lib_init_lc_ctype_1
    libinit.o(.ARM.Collect$$libinit$$00000000) refers (Special) to libinit2.o(.ARM.Collect$$libinit$$00000015) for __rt_lib_init_lc_monetary_1
    libinit.o(.ARM.Collect$$libinit$$00000000) refers (Special) to libinit2.o(.ARM.Collect$$libinit$$00000017) for __rt_lib_init_lc_numeric_1
    libinit.o(.ARM.Collect$$libinit$$00000000) refers (Special) to libinit2.o(.ARM.Collect$$libinit$$00000019) for __rt_lib_init_lc_time_1
    libinit.o(.ARM.Collect$$libinit$$00000000) refers (Special) to libinit2.o(.ARM.Collect$$libinit$$00000004) for __rt_lib_init_preinit_1
    libinit.o(.ARM.Collect$$libinit$$00000000) refers (Special) to libinit2.o(.ARM.Collect$$libinit$$0000000E) for __rt_lib_init_rand_1
    libinit.o(.ARM.Collect$$libinit$$00000000) refers (Special) to libinit2.o(.ARM.Collect$$libinit$$00000033) for __rt_lib_init_return
    libinit.o(.ARM.Collect$$libinit$$00000000) refers (Special) to libinit2.o(.ARM.Collect$$libinit$$0000001D) for __rt_lib_init_signal_1
    libinit.o(.ARM.Collect$$libinit$$00000000) refers (Special) to libinit2.o(.ARM.Collect$$libinit$$00000025) for __rt_lib_init_stdio_1
    libinit.o(.ARM.Collect$$libinit$$00000000) refers (Special) to libinit2.o(.ARM.Collect$$libinit$$0000000C) for __rt_lib_init_user_alloc_1
    libspace.o(.text) refers to libspace.o(.bss) for __libspace_start
    rtexit.o(.ARM.Collect$$rtexit$$00000000) refers (Special) to rtexit2.o(.ARM.Collect$$rtexit$$00000004) for __rt_exit_exit
    rtexit.o(.ARM.Collect$$rtexit$$00000000) refers (Special) to rtexit2.o(.ARM.Collect$$rtexit$$00000003) for __rt_exit_ls
    rtexit.o(.ARM.Collect$$rtexit$$00000000) refers (Special) to rtexit2.o(.ARM.Collect$$rtexit$$00000002) for __rt_exit_prels_1
    rtexit.o(.ARM.exidx) refers (Special) to rtexit2.o(.ARM.Collect$$rtexit$$00000004) for __rt_exit_exit
    rtexit.o(.ARM.exidx) refers (Special) to rtexit2.o(.ARM.Collect$$rtexit$$00000003) for __rt_exit_ls
    rtexit.o(.ARM.exidx) refers (Special) to rtexit2.o(.ARM.Collect$$rtexit$$00000002) for __rt_exit_prels_1
    rtexit.o(.ARM.exidx) refers to rtexit.o(.ARM.Collect$$rtexit$$00000000) for .ARM.Collect$$rtexit$$00000000
    rt_raise.o(.text) refers to __raise.o(.text) for __raise
    rt_raise.o(.text) refers to sys_exit.o(.text) for _sys_exit
    defsig_exit.o(.text) refers to sys_exit.o(.text) for _sys_exit
    defsig_fpe_inner.o(.text) refers to defsig_general.o(.text) for __default_signal_display
    libinit2.o(.ARM.Collect$$libinit$$00000001) refers to fpinit.o(x$fpl$fpinit) for _fp_init
    libinit2.o(.ARM.Collect$$libinit$$00000010) refers to libinit2.o(.ARM.Collect$$libinit$$0000000F) for .ARM.Collect$$libinit$$0000000F
    libinit2.o(.ARM.Collect$$libinit$$00000012) refers to libinit2.o(.ARM.Collect$$libinit$$0000000F) for .ARM.Collect$$libinit$$0000000F
    libinit2.o(.ARM.Collect$$libinit$$00000014) refers to libinit2.o(.ARM.Collect$$libinit$$0000000F) for .ARM.Collect$$libinit$$0000000F
    libinit2.o(.ARM.Collect$$libinit$$00000016) refers to libinit2.o(.ARM.Collect$$libinit$$0000000F) for .ARM.Collect$$libinit$$0000000F
    libinit2.o(.ARM.Collect$$libinit$$00000018) refers to libinit2.o(.ARM.Collect$$libinit$$0000000F) for .ARM.Collect$$libinit$$0000000F
    libinit2.o(.ARM.Collect$$libinit$$00000026) refers to argv_veneer.o(.emb_text) for __ARM_argv_veneer
    libinit2.o(.ARM.Collect$$libinit$$00000027) refers to argv_veneer.o(.emb_text) for __ARM_argv_veneer
    sys_exit.o(.text) refers (Special) to use_no_semi.o(.text) for __I$use$semihosting
    sys_exit.o(.text) refers (Special) to indicate_semi.o(.text) for __semihosting_library_function
    rtexit2.o(.ARM.Collect$$rtexit$$00000003) refers to libshutdown.o(.ARM.Collect$$libshutdown$$00000000) for __rt_lib_shutdown
    rtexit2.o(.ARM.Collect$$rtexit$$00000004) refers to sys_exit.o(.text) for _sys_exit
    rtexit2.o(.ARM.exidx) refers to rtexit2.o(.ARM.Collect$$rtexit$$00000001) for .ARM.Collect$$rtexit$$00000001
    rtexit2.o(.ARM.exidx) refers to rtexit2.o(.ARM.Collect$$rtexit$$00000003) for .ARM.Collect$$rtexit$$00000003
    rtexit2.o(.ARM.exidx) refers to rtexit2.o(.ARM.Collect$$rtexit$$00000004) for .ARM.Collect$$rtexit$$00000004
    __raise.o(.text) refers to defsig.o(CL$$defsig) for __default_signal_handler
    defsig_general.o(.text) refers to sys_wrch.o(.text) for _ttywrch
    argv_veneer.o(.emb_text) refers to no_argv.o(.text) for __ARM_get_argv
    sys_wrch.o(.text) refers (Special) to use_no_semi.o(.text) for __I$use$semihosting
    sys_wrch.o(.text) refers (Special) to indicate_semi.o(.text) for __semihosting_library_function
    defsig.o(CL$$defsig) refers to defsig_fpe_inner.o(.text) for __rt_SIGFPE_inner
    defsig.o(CL$$defsig) refers to defsig_rtmem_inner.o(.text) for __rt_SIGRTMEM_inner
    _get_argv_nomalloc.o(.text) refers (Special) to hrguard.o(.text) for __heap_region$guard
    _get_argv_nomalloc.o(.text) refers to defsig_rtmem_outer.o(.text) for __rt_SIGRTMEM
    _get_argv_nomalloc.o(.text) refers to sys_command.o(.text) for _sys_command_string
    libshutdown.o(.ARM.Collect$$libshutdown$$00000000) refers (Special) to libshutdown2.o(.ARM.Collect$$libshutdown$$00000006) for __rt_lib_shutdown_fp_trap_1
    libshutdown.o(.ARM.Collect$$libshutdown$$00000000) refers (Special) to libshutdown2.o(.ARM.Collect$$libshutdown$$0000000E) for __rt_lib_shutdown_heap_1
    libshutdown.o(.ARM.Collect$$libshutdown$$00000000) refers (Special) to libshutdown2.o(.ARM.Collect$$libshutdown$$0000000F) for __rt_lib_shutdown_return
    libshutdown.o(.ARM.Collect$$libshutdown$$00000000) refers (Special) to libshutdown2.o(.ARM.Collect$$libshutdown$$00000009) for __rt_lib_shutdown_signal_1
    libshutdown.o(.ARM.Collect$$libshutdown$$00000000) refers (Special) to libshutdown2.o(.ARM.Collect$$libshutdown$$00000003) for __rt_lib_shutdown_stdio_1
    libshutdown.o(.ARM.Collect$$libshutdown$$00000000) refers (Special) to libshutdown2.o(.ARM.Collect$$libshutdown$$0000000B) for __rt_lib_shutdown_user_alloc_1
    sys_command.o(.text) refers (Special) to use_no_semi.o(.text) for __I$use$semihosting
    sys_command.o(.text) refers (Special) to indicate_semi.o(.text) for __semihosting_library_function
    defsig_abrt_inner.o(.text) refers to defsig_general.o(.text) for __default_signal_display
    defsig_rtred_inner.o(.text) refers to defsig_general.o(.text) for __default_signal_display
    defsig_rtmem_inner.o(.text) refers to defsig_general.o(.text) for __default_signal_display
    defsig_rtmem_outer.o(.text) refers to defsig_rtmem_inner.o(.text) for __rt_SIGRTMEM_inner
    defsig_rtmem_outer.o(.text) refers to defsig_exit.o(.text) for __sig_exit
    defsig_rtmem_formal.o(.text) refers to rt_raise.o(.text) for __rt_raise
    defsig_stak_inner.o(.text) refers to defsig_general.o(.text) for __default_signal_display
    defsig_pvfn_inner.o(.text) refers to defsig_general.o(.text) for __default_signal_display
    defsig_cppl_inner.o(.text) refers to defsig_general.o(.text) for __default_signal_display
    defsig_segv_inner.o(.text) refers to defsig_general.o(.text) for __default_signal_display
    defsig_other.o(.text) refers to defsig_general.o(.text) for __default_signal_display


==============================================================================

Removing Unused input sections from the image.

    Removing stm32f7xx_it.o(.rev16_text), (4 bytes).
    Removing stm32f7xx_it.o(.revsh_text), (4 bytes).
    Removing stm32f7xx_it.o(.rrx_text), (6 bytes).
    Removing system_stm32f7xx.o(.rev16_text), (4 bytes).
    Removing system_stm32f7xx.o(.revsh_text), (4 bytes).
    Removing system_stm32f7xx.o(.rrx_text), (6 bytes).
    Removing stm32f7xx_hal.o(.rev16_text), (4 bytes).
    Removing stm32f7xx_hal.o(.revsh_text), (4 bytes).
    Removing stm32f7xx_hal.o(.rrx_text), (6 bytes).
    Removing stm32f7xx_hal.o(.text), (416 bytes).
    Removing stm32f7xx_hal.o(.data), (4 bytes).
    Removing stm32f7xx_hal_adc.o(.rev16_text), (4 bytes).
    Removing stm32f7xx_hal_adc.o(.revsh_text), (4 bytes).
    Removing stm32f7xx_hal_adc.o(.rrx_text), (6 bytes).
    Removing stm32f7xx_hal_adc.o(.text), (3052 bytes).
    Removing stm32f7xx_hal_adc_ex.o(.rev16_text), (4 bytes).
    Removing stm32f7xx_hal_adc_ex.o(.revsh_text), (4 bytes).
    Removing stm32f7xx_hal_adc_ex.o(.rrx_text), (6 bytes).
    Removing stm32f7xx_hal_adc_ex.o(.text), (2248 bytes).
    Removing stm32f7xx_hal_can.o(.rev16_text), (4 bytes).
    Removing stm32f7xx_hal_can.o(.revsh_text), (4 bytes).
    Removing stm32f7xx_hal_can.o(.rrx_text), (6 bytes).
    Removing stm32f7xx_hal_cec.o(.rev16_text), (4 bytes).
    Removing stm32f7xx_hal_cec.o(.revsh_text), (4 bytes).
    Removing stm32f7xx_hal_cec.o(.rrx_text), (6 bytes).
    Removing stm32f7xx_hal_cortex.o(.rev16_text), (4 bytes).
    Removing stm32f7xx_hal_cortex.o(.revsh_text), (4 bytes).
    Removing stm32f7xx_hal_cortex.o(.rrx_text), (6 bytes).
    Removing stm32f7xx_hal_cortex.o(.text), (796 bytes).
    Removing stm32f7xx_hal_crc.o(.rev16_text), (4 bytes).
    Removing stm32f7xx_hal_crc.o(.revsh_text), (4 bytes).
    Removing stm32f7xx_hal_crc.o(.rrx_text), (6 bytes).
    Removing stm32f7xx_hal_crc_ex.o(.rev16_text), (4 bytes).
    Removing stm32f7xx_hal_crc_ex.o(.revsh_text), (4 bytes).
    Removing stm32f7xx_hal_crc_ex.o(.rrx_text), (6 bytes).
    Removing stm32f7xx_hal_cryp.o(.rev16_text), (4 bytes).
    Removing stm32f7xx_hal_cryp.o(.revsh_text), (4 bytes).
    Removing stm32f7xx_hal_cryp.o(.rrx_text), (6 bytes).
    Removing stm32f7xx_hal_cryp_ex.o(.rev16_text), (4 bytes).
    Removing stm32f7xx_hal_cryp_ex.o(.revsh_text), (4 bytes).
    Removing stm32f7xx_hal_cryp_ex.o(.rrx_text), (6 bytes).
    Removing stm32f7xx_hal_dac.o(.rev16_text), (4 bytes).
    Removing stm32f7xx_hal_dac.o(.revsh_text), (4 bytes).
    Removing stm32f7xx_hal_dac.o(.rrx_text), (6 bytes).
    Removing stm32f7xx_hal_dac_ex.o(.rev16_text), (4 bytes).
    Removing stm32f7xx_hal_dac_ex.o(.revsh_text), (4 bytes).
    Removing stm32f7xx_hal_dac_ex.o(.rrx_text), (6 bytes).
    Removing stm32f7xx_hal_dcmi.o(.rev16_text), (4 bytes).
    Removing stm32f7xx_hal_dcmi.o(.revsh_text), (4 bytes).
    Removing stm32f7xx_hal_dcmi.o(.rrx_text), (6 bytes).
    Removing stm32f7xx_hal_dfsdm.o(.rev16_text), (4 bytes).
    Removing stm32f7xx_hal_dfsdm.o(.revsh_text), (4 bytes).
    Removing stm32f7xx_hal_dfsdm.o(.rrx_text), (6 bytes).
    Removing stm32f7xx_hal_dma.o(.rev16_text), (4 bytes).
    Removing stm32f7xx_hal_dma.o(.revsh_text), (4 bytes).
    Removing stm32f7xx_hal_dma.o(.rrx_text), (6 bytes).
    Removing stm32f7xx_hal_dma.o(.text), (2148 bytes).
    Removing stm32f7xx_hal_dma.o(.constdata), (8 bytes).
    Removing stm32f7xx_hal_dma_ex.o(.rev16_text), (4 bytes).
    Removing stm32f7xx_hal_dma_ex.o(.revsh_text), (4 bytes).
    Removing stm32f7xx_hal_dma_ex.o(.rrx_text), (6 bytes).
    Removing stm32f7xx_hal_dma_ex.o(.text), (4240 bytes).
    Removing stm32f7xx_hal_dma2d.o(.rev16_text), (4 bytes).
    Removing stm32f7xx_hal_dma2d.o(.revsh_text), (4 bytes).
    Removing stm32f7xx_hal_dma2d.o(.rrx_text), (6 bytes).
    Removing stm32f7xx_hal_dma2d.o(.text), (3328 bytes).
    Removing stm32f7xx_hal_dsi.o(.rev16_text), (4 bytes).
    Removing stm32f7xx_hal_dsi.o(.revsh_text), (4 bytes).
    Removing stm32f7xx_hal_dsi.o(.rrx_text), (6 bytes).
    Removing stm32f7xx_hal_eth.o(.rev16_text), (4 bytes).
    Removing stm32f7xx_hal_eth.o(.revsh_text), (4 bytes).
    Removing stm32f7xx_hal_eth.o(.rrx_text), (6 bytes).
    Removing stm32f7xx_hal_flash.o(.rev16_text), (4 bytes).
    Removing stm32f7xx_hal_flash.o(.revsh_text), (4 bytes).
    Removing stm32f7xx_hal_flash.o(.rrx_text), (6 bytes).
    Removing stm32f7xx_hal_flash.o(.text), (1224 bytes).
    Removing stm32f7xx_hal_flash.o(.bss), (28 bytes).
    Removing stm32f7xx_hal_flash_ex.o(.rev16_text), (4 bytes).
    Removing stm32f7xx_hal_flash_ex.o(.revsh_text), (4 bytes).
    Removing stm32f7xx_hal_flash_ex.o(.rrx_text), (6 bytes).
    Removing stm32f7xx_hal_flash_ex.o(.text), (1070 bytes).
    Removing stm32f7xx_hal_gpio.o(.rev16_text), (4 bytes).
    Removing stm32f7xx_hal_gpio.o(.revsh_text), (4 bytes).
    Removing stm32f7xx_hal_gpio.o(.rrx_text), (6 bytes).
    Removing stm32f7xx_hal_gpio.o(.text), (984 bytes).
    Removing stm32f7xx_hal_hash.o(.rev16_text), (4 bytes).
    Removing stm32f7xx_hal_hash.o(.revsh_text), (4 bytes).
    Removing stm32f7xx_hal_hash.o(.rrx_text), (6 bytes).
    Removing stm32f7xx_hal_hash_ex.o(.rev16_text), (4 bytes).
    Removing stm32f7xx_hal_hash_ex.o(.revsh_text), (4 bytes).
    Removing stm32f7xx_hal_hash_ex.o(.rrx_text), (6 bytes).
    Removing stm32f7xx_hal_hcd.o(.rev16_text), (4 bytes).
    Removing stm32f7xx_hal_hcd.o(.revsh_text), (4 bytes).
    Removing stm32f7xx_hal_hcd.o(.rrx_text), (6 bytes).
    Removing stm32f7xx_hal_i2c.o(.rev16_text), (4 bytes).
    Removing stm32f7xx_hal_i2c.o(.revsh_text), (4 bytes).
    Removing stm32f7xx_hal_i2c.o(.rrx_text), (6 bytes).
    Removing stm32f7xx_hal_i2c.o(.text), (10340 bytes).
    Removing stm32f7xx_hal_i2c_ex.o(.rev16_text), (4 bytes).
    Removing stm32f7xx_hal_i2c_ex.o(.revsh_text), (4 bytes).
    Removing stm32f7xx_hal_i2c_ex.o(.rrx_text), (6 bytes).
    Removing stm32f7xx_hal_i2c_ex.o(.text), (212 bytes).
    Removing stm32f7xx_hal_i2s.o(.rev16_text), (4 bytes).
    Removing stm32f7xx_hal_i2s.o(.revsh_text), (4 bytes).
    Removing stm32f7xx_hal_i2s.o(.rrx_text), (6 bytes).
    Removing stm32f7xx_hal_irda.o(.rev16_text), (4 bytes).
    Removing stm32f7xx_hal_irda.o(.revsh_text), (4 bytes).
    Removing stm32f7xx_hal_irda.o(.rrx_text), (6 bytes).
    Removing stm32f7xx_hal_iwdg.o(.rev16_text), (4 bytes).
    Removing stm32f7xx_hal_iwdg.o(.revsh_text), (4 bytes).
    Removing stm32f7xx_hal_iwdg.o(.rrx_text), (6 bytes).
    Removing stm32f7xx_hal_jpeg.o(.rev16_text), (4 bytes).
    Removing stm32f7xx_hal_jpeg.o(.revsh_text), (4 bytes).
    Removing stm32f7xx_hal_jpeg.o(.rrx_text), (6 bytes).
    Removing stm32f7xx_hal_lptim.o(.rev16_text), (4 bytes).
    Removing stm32f7xx_hal_lptim.o(.revsh_text), (4 bytes).
    Removing stm32f7xx_hal_lptim.o(.rrx_text), (6 bytes).
    Removing stm32f7xx_hal_ltdc.o(.rev16_text), (4 bytes).
    Removing stm32f7xx_hal_ltdc.o(.revsh_text), (4 bytes).
    Removing stm32f7xx_hal_ltdc.o(.rrx_text), (6 bytes).
    Removing stm32f7xx_hal_ltdc.o(.text), (3928 bytes).
    Removing stm32f7xx_hal_ltdc_ex.o(.rev16_text), (4 bytes).
    Removing stm32f7xx_hal_ltdc_ex.o(.revsh_text), (4 bytes).
    Removing stm32f7xx_hal_ltdc_ex.o(.rrx_text), (6 bytes).
    Removing stm32f7xx_hal_mdios.o(.rev16_text), (4 bytes).
    Removing stm32f7xx_hal_mdios.o(.revsh_text), (4 bytes).
    Removing stm32f7xx_hal_mdios.o(.rrx_text), (6 bytes).
    Removing stm32f7xx_hal_nand.o(.rev16_text), (4 bytes).
    Removing stm32f7xx_hal_nand.o(.revsh_text), (4 bytes).
    Removing stm32f7xx_hal_nand.o(.rrx_text), (6 bytes).
    Removing stm32f7xx_hal_nor.o(.rev16_text), (4 bytes).
    Removing stm32f7xx_hal_nor.o(.revsh_text), (4 bytes).
    Removing stm32f7xx_hal_nor.o(.rrx_text), (6 bytes).
    Removing stm32f7xx_hal_pcd.o(.rev16_text), (4 bytes).
    Removing stm32f7xx_hal_pcd.o(.revsh_text), (4 bytes).
    Removing stm32f7xx_hal_pcd.o(.rrx_text), (6 bytes).
    Removing stm32f7xx_hal_pcd_ex.o(.rev16_text), (4 bytes).
    Removing stm32f7xx_hal_pcd_ex.o(.revsh_text), (4 bytes).
    Removing stm32f7xx_hal_pcd_ex.o(.rrx_text), (6 bytes).
    Removing stm32f7xx_hal_pwr.o(.rev16_text), (4 bytes).
    Removing stm32f7xx_hal_pwr.o(.revsh_text), (4 bytes).
    Removing stm32f7xx_hal_pwr.o(.rrx_text), (6 bytes).
    Removing stm32f7xx_hal_pwr.o(.text), (520 bytes).
    Removing stm32f7xx_hal_pwr_ex.o(.rev16_text), (4 bytes).
    Removing stm32f7xx_hal_pwr_ex.o(.revsh_text), (4 bytes).
    Removing stm32f7xx_hal_pwr_ex.o(.rrx_text), (6 bytes).
    Removing stm32f7xx_hal_pwr_ex.o(.text), (892 bytes).
    Removing stm32f7xx_hal_qspi.o(.rev16_text), (4 bytes).
    Removing stm32f7xx_hal_qspi.o(.revsh_text), (4 bytes).
    Removing stm32f7xx_hal_qspi.o(.rrx_text), (6 bytes).
    Removing stm32f7xx_hal_rcc.o(.rev16_text), (4 bytes).
    Removing stm32f7xx_hal_rcc.o(.revsh_text), (4 bytes).
    Removing stm32f7xx_hal_rcc.o(.rrx_text), (6 bytes).
    Removing stm32f7xx_hal_rcc.o(.text), (2600 bytes).
    Removing stm32f7xx_hal_rcc_ex.o(.rev16_text), (4 bytes).
    Removing stm32f7xx_hal_rcc_ex.o(.revsh_text), (4 bytes).
    Removing stm32f7xx_hal_rcc_ex.o(.rrx_text), (6 bytes).
    Removing stm32f7xx_hal_rcc_ex.o(.text), (3364 bytes).
    Removing stm32f7xx_hal_rng.o(.rev16_text), (4 bytes).
    Removing stm32f7xx_hal_rng.o(.revsh_text), (4 bytes).
    Removing stm32f7xx_hal_rng.o(.rrx_text), (6 bytes).
    Removing stm32f7xx_hal_rtc.o(.rev16_text), (4 bytes).
    Removing stm32f7xx_hal_rtc.o(.revsh_text), (4 bytes).
    Removing stm32f7xx_hal_rtc.o(.rrx_text), (6 bytes).
    Removing stm32f7xx_hal_rtc_ex.o(.rev16_text), (4 bytes).
    Removing stm32f7xx_hal_rtc_ex.o(.revsh_text), (4 bytes).
    Removing stm32f7xx_hal_rtc_ex.o(.rrx_text), (6 bytes).
    Removing stm32f7xx_hal_sai.o(.rev16_text), (4 bytes).
    Removing stm32f7xx_hal_sai.o(.revsh_text), (4 bytes).
    Removing stm32f7xx_hal_sai.o(.rrx_text), (6 bytes).
    Removing stm32f7xx_hal_sd.o(.rev16_text), (4 bytes).
    Removing stm32f7xx_hal_sd.o(.revsh_text), (4 bytes).
    Removing stm32f7xx_hal_sd.o(.rrx_text), (6 bytes).
    Removing stm32f7xx_hal_sd.o(.text), (7336 bytes).
    Removing stm32f7xx_hal_sdram.o(.rev16_text), (4 bytes).
    Removing stm32f7xx_hal_sdram.o(.revsh_text), (4 bytes).
    Removing stm32f7xx_hal_sdram.o(.rrx_text), (6 bytes).
    Removing stm32f7xx_hal_sdram.o(.text), (1080 bytes).
    Removing stm32f7xx_hal_smartcard.o(.rev16_text), (4 bytes).
    Removing stm32f7xx_hal_smartcard.o(.revsh_text), (4 bytes).
    Removing stm32f7xx_hal_smartcard.o(.rrx_text), (6 bytes).
    Removing stm32f7xx_hal_smartcard_ex.o(.rev16_text), (4 bytes).
    Removing stm32f7xx_hal_smartcard_ex.o(.revsh_text), (4 bytes).
    Removing stm32f7xx_hal_smartcard_ex.o(.rrx_text), (6 bytes).
    Removing stm32f7xx_hal_spdifrx.o(.rev16_text), (4 bytes).
    Removing stm32f7xx_hal_spdifrx.o(.revsh_text), (4 bytes).
    Removing stm32f7xx_hal_spdifrx.o(.rrx_text), (6 bytes).
    Removing stm32f7xx_hal_spi.o(.rev16_text), (4 bytes).
    Removing stm32f7xx_hal_spi.o(.revsh_text), (4 bytes).
    Removing stm32f7xx_hal_spi.o(.rrx_text), (6 bytes).
    Removing stm32f7xx_hal_sram.o(.rev16_text), (4 bytes).
    Removing stm32f7xx_hal_sram.o(.revsh_text), (4 bytes).
    Removing stm32f7xx_hal_sram.o(.rrx_text), (6 bytes).
    Removing stm32f7xx_hal_sram.o(.text), (896 bytes).
    Removing stm32f7xx_hal_tim.o(.rev16_text), (4 bytes).
    Removing stm32f7xx_hal_tim.o(.revsh_text), (4 bytes).
    Removing stm32f7xx_hal_tim.o(.rrx_text), (6 bytes).
    Removing stm32f7xx_hal_tim.o(.text), (10420 bytes).
    Removing stm32f7xx_hal_tim_ex.o(.rev16_text), (4 bytes).
    Removing stm32f7xx_hal_tim_ex.o(.revsh_text), (4 bytes).
    Removing stm32f7xx_hal_tim_ex.o(.rrx_text), (6 bytes).
    Removing stm32f7xx_hal_tim_ex.o(.text), (4612 bytes).
    Removing stm32f7xx_hal_uart.o(.rev16_text), (4 bytes).
    Removing stm32f7xx_hal_uart.o(.revsh_text), (4 bytes).
    Removing stm32f7xx_hal_uart.o(.rrx_text), (6 bytes).
    Removing stm32f7xx_hal_uart.o(.text), (5652 bytes).
    Removing stm32f7xx_hal_usart.o(.rev16_text), (4 bytes).
    Removing stm32f7xx_hal_usart.o(.revsh_text), (4 bytes).
    Removing stm32f7xx_hal_usart.o(.rrx_text), (6 bytes).
    Removing stm32f7xx_hal_wwdg.o(.rev16_text), (4 bytes).
    Removing stm32f7xx_hal_wwdg.o(.revsh_text), (4 bytes).
    Removing stm32f7xx_hal_wwdg.o(.rrx_text), (6 bytes).
    Removing stm32f7xx_ll_fmc.o(.rev16_text), (4 bytes).
    Removing stm32f7xx_ll_fmc.o(.revsh_text), (4 bytes).
    Removing stm32f7xx_ll_fmc.o(.rrx_text), (6 bytes).
    Removing stm32f7xx_ll_fmc.o(.text), (1110 bytes).
    Removing stm32f7xx_ll_sdmmc.o(.rev16_text), (4 bytes).
    Removing stm32f7xx_ll_sdmmc.o(.revsh_text), (4 bytes).
    Removing stm32f7xx_ll_sdmmc.o(.rrx_text), (6 bytes).
    Removing stm32f7xx_ll_sdmmc.o(.text), (244 bytes).
    Removing stm32f7xx_ll_usb.o(.rev16_text), (4 bytes).
    Removing stm32f7xx_ll_usb.o(.revsh_text), (4 bytes).
    Removing stm32f7xx_ll_usb.o(.rrx_text), (6 bytes).
    Removing main.o(.rev16_text), (4 bytes).
    Removing main.o(.revsh_text), (4 bytes).
    Removing main.o(.rrx_text), (6 bytes).

226 unused section(s) (total 73676 bytes) removed from the image.

==============================================================================

Image Symbol Table

    Local Symbols

    Symbol Name                              Value     Ov Type        Size  Object(Section)

    ../clib/angel/boardlib.s                 0x00000000   Number         0  boardshut.o ABSOLUTE
    ../clib/angel/boardlib.s                 0x00000000   Number         0  boardinit3.o ABSOLUTE
    ../clib/angel/boardlib.s                 0x00000000   Number         0  boardinit2.o ABSOLUTE
    ../clib/angel/boardlib.s                 0x00000000   Number         0  boardinit1.o ABSOLUTE
    ../clib/angel/handlers.s                 0x00000000   Number         0  __scatter_copy.o ABSOLUTE
    ../clib/angel/handlers.s                 0x00000000   Number         0  __scatter_zi.o ABSOLUTE
    ../clib/angel/kernel.s                   0x00000000   Number         0  rtexit2.o ABSOLUTE
    ../clib/angel/kernel.s                   0x00000000   Number         0  __rtentry2.o ABSOLUTE
    ../clib/angel/kernel.s                   0x00000000   Number         0  rtexit.o ABSOLUTE
    ../clib/angel/kernel.s                   0x00000000   Number         0  __rtentry4.o ABSOLUTE
    ../clib/angel/kernel.s                   0x00000000   Number         0  __rtentry.o ABSOLUTE
    ../clib/angel/rt.s                       0x00000000   Number         0  rt_div0.o ABSOLUTE
    ../clib/angel/rt.s                       0x00000000   Number         0  rt_raise.o ABSOLUTE
    ../clib/angel/rt.s                       0x00000000   Number         0  aeabi_ldiv0.o ABSOLUTE
    ../clib/angel/rt.s                       0x00000000   Number         0  aeabi_ldiv0_sigfpe.o ABSOLUTE
    ../clib/angel/scatter.s                  0x00000000   Number         0  __scatter.o ABSOLUTE
    ../clib/angel/startup.s                  0x00000000   Number         0  __main.o ABSOLUTE
    ../clib/angel/sys.s                      0x00000000   Number         0  indicate_semi.o ABSOLUTE
    ../clib/angel/sys.s                      0x00000000   Number         0  libspace.o ABSOLUTE
    ../clib/angel/sys.s                      0x00000000   Number         0  sys_stackheap_outer.o ABSOLUTE
    ../clib/angel/sys.s                      0x00000000   Number         0  use_no_semi.o ABSOLUTE
    ../clib/angel/sysapp.c                   0x00000000   Number         0  sys_command.o ABSOLUTE
    ../clib/angel/sysapp.c                   0x00000000   Number         0  sys_exit.o ABSOLUTE
    ../clib/angel/sysapp.c                   0x00000000   Number         0  sys_wrch.o ABSOLUTE
    ../clib/armsys.c                         0x00000000   Number         0  _get_argv_nomalloc.o ABSOLUTE
    ../clib/armsys.c                         0x00000000   Number         0  no_argv.o ABSOLUTE
    ../clib/armsys.c                         0x00000000   Number         0  argv_veneer.o ABSOLUTE
    ../clib/armsys.c                         0x00000000   Number         0  argv_veneer.o ABSOLUTE
    ../clib/heapalloc.c                      0x00000000   Number         0  hrguard.o ABSOLUTE
    ../clib/heapaux.c                        0x00000000   Number         0  heapauxi.o ABSOLUTE
    ../clib/libinit.s                        0x00000000   Number         0  libinit.o ABSOLUTE
    ../clib/libinit.s                        0x00000000   Number         0  libshutdown.o ABSOLUTE
    ../clib/libinit.s                        0x00000000   Number         0  libshutdown2.o ABSOLUTE
    ../clib/libinit.s                        0x00000000   Number         0  libinit2.o ABSOLUTE
    ../clib/longlong.s                       0x00000000   Number         0  lludivv7m.o ABSOLUTE
    ../clib/memcpset.s                       0x00000000   Number         0  rt_memclr_w.o ABSOLUTE
    ../clib/memcpset.s                       0x00000000   Number         0  rt_memcpy_w.o ABSOLUTE
    ../clib/signal.c                         0x00000000   Number         0  defsig_fpe_formal.o ABSOLUTE
    ../clib/signal.c                         0x00000000   Number         0  defsig_fpe_inner.o ABSOLUTE
    ../clib/signal.c                         0x00000000   Number         0  defsig_other.o ABSOLUTE
    ../clib/signal.c                         0x00000000   Number         0  defsig_segv_inner.o ABSOLUTE
    ../clib/signal.c                         0x00000000   Number         0  defsig_cppl_inner.o ABSOLUTE
    ../clib/signal.c                         0x00000000   Number         0  defsig_pvfn_inner.o ABSOLUTE
    ../clib/signal.c                         0x00000000   Number         0  defsig_stak_inner.o ABSOLUTE
    ../clib/signal.c                         0x00000000   Number         0  defsig_rtmem_outer.o ABSOLUTE
    ../clib/signal.c                         0x00000000   Number         0  defsig_rtmem_inner.o ABSOLUTE
    ../clib/signal.c                         0x00000000   Number         0  defsig_rtred_inner.o ABSOLUTE
    ../clib/signal.c                         0x00000000   Number         0  defsig_abrt_inner.o ABSOLUTE
    ../clib/signal.c                         0x00000000   Number         0  __raise.o ABSOLUTE
    ../clib/signal.c                         0x00000000   Number         0  defsig_general.o ABSOLUTE
    ../clib/signal.c                         0x00000000   Number         0  defsig_exit.o ABSOLUTE
    ../clib/signal.c                         0x00000000   Number         0  defsig_fpe_outer.o ABSOLUTE
    ../clib/signal.c                         0x00000000   Number         0  defsig_rtmem_formal.o ABSOLUTE
    ../clib/signal.s                         0x00000000   Number         0  defsig.o ABSOLUTE
    ../clib/stdlib.c                         0x00000000   Number         0  exit.o ABSOLUTE
    ../fplib/fpinit.s                        0x00000000   Number         0  fpinit.o ABSOLUTE
    ..\ARM-Startup\startup_stm32f746xx.s     0x00000000   Number         0  startup_stm32f746xx.o ABSOLUTE
    ..\MAIN\main.c                           0x00000000   Number         0  main.o ABSOLUTE
    ..\STM32F7-Source\src\stm32f7xx_it.c     0x00000000   Number         0  stm32f7xx_it.o ABSOLUTE
    ..\STM32F7-Source\src\system_stm32f7xx.c 0x00000000   Number         0  system_stm32f7xx.o ABSOLUTE
    ..\STM32F7xx_HAL_Driver\Src\stm32f7xx_hal.c 0x00000000   Number         0  stm32f7xx_hal.o ABSOLUTE
    ..\STM32F7xx_HAL_Driver\Src\stm32f7xx_hal_adc.c 0x00000000   Number         0  stm32f7xx_hal_adc.o ABSOLUTE
    ..\STM32F7xx_HAL_Driver\Src\stm32f7xx_hal_adc_ex.c 0x00000000   Number         0  stm32f7xx_hal_adc_ex.o ABSOLUTE
    ..\STM32F7xx_HAL_Driver\Src\stm32f7xx_hal_can.c 0x00000000   Number         0  stm32f7xx_hal_can.o ABSOLUTE
    ..\STM32F7xx_HAL_Driver\Src\stm32f7xx_hal_cec.c 0x00000000   Number         0  stm32f7xx_hal_cec.o ABSOLUTE
    ..\STM32F7xx_HAL_Driver\Src\stm32f7xx_hal_cortex.c 0x00000000   Number         0  stm32f7xx_hal_cortex.o ABSOLUTE
    ..\STM32F7xx_HAL_Driver\Src\stm32f7xx_hal_crc.c 0x00000000   Number         0  stm32f7xx_hal_crc.o ABSOLUTE
    ..\STM32F7xx_HAL_Driver\Src\stm32f7xx_hal_crc_ex.c 0x00000000   Number         0  stm32f7xx_hal_crc_ex.o ABSOLUTE
    ..\STM32F7xx_HAL_Driver\Src\stm32f7xx_hal_cryp.c 0x00000000   Number         0  stm32f7xx_hal_cryp.o ABSOLUTE
    ..\STM32F7xx_HAL_Driver\Src\stm32f7xx_hal_cryp_ex.c 0x00000000   Number         0  stm32f7xx_hal_cryp_ex.o ABSOLUTE
    ..\STM32F7xx_HAL_Driver\Src\stm32f7xx_hal_dac.c 0x00000000   Number         0  stm32f7xx_hal_dac.o ABSOLUTE
    ..\STM32F7xx_HAL_Driver\Src\stm32f7xx_hal_dac_ex.c 0x00000000   Number         0  stm32f7xx_hal_dac_ex.o ABSOLUTE
    ..\STM32F7xx_HAL_Driver\Src\stm32f7xx_hal_dcmi.c 0x00000000   Number         0  stm32f7xx_hal_dcmi.o ABSOLUTE
    ..\STM32F7xx_HAL_Driver\Src\stm32f7xx_hal_dcmi_ex.c 0x00000000   Number         0  stm32f7xx_hal_dcmi_ex.o ABSOLUTE
    ..\STM32F7xx_HAL_Driver\Src\stm32f7xx_hal_dfsdm.c 0x00000000   Number         0  stm32f7xx_hal_dfsdm.o ABSOLUTE
    ..\STM32F7xx_HAL_Driver\Src\stm32f7xx_hal_dma.c 0x00000000   Number         0  stm32f7xx_hal_dma.o ABSOLUTE
    ..\STM32F7xx_HAL_Driver\Src\stm32f7xx_hal_dma2d.c 0x00000000   Number         0  stm32f7xx_hal_dma2d.o ABSOLUTE
    ..\STM32F7xx_HAL_Driver\Src\stm32f7xx_hal_dma_ex.c 0x00000000   Number         0  stm32f7xx_hal_dma_ex.o ABSOLUTE
    ..\STM32F7xx_HAL_Driver\Src\stm32f7xx_hal_dsi.c 0x00000000   Number         0  stm32f7xx_hal_dsi.o ABSOLUTE
    ..\STM32F7xx_HAL_Driver\Src\stm32f7xx_hal_eth.c 0x00000000   Number         0  stm32f7xx_hal_eth.o ABSOLUTE
    ..\STM32F7xx_HAL_Driver\Src\stm32f7xx_hal_flash.c 0x00000000   Number         0  stm32f7xx_hal_flash.o ABSOLUTE
    ..\STM32F7xx_HAL_Driver\Src\stm32f7xx_hal_flash_ex.c 0x00000000   Number         0  stm32f7xx_hal_flash_ex.o ABSOLUTE
    ..\STM32F7xx_HAL_Driver\Src\stm32f7xx_hal_gpio.c 0x00000000   Number         0  stm32f7xx_hal_gpio.o ABSOLUTE
    ..\STM32F7xx_HAL_Driver\Src\stm32f7xx_hal_hash.c 0x00000000   Number         0  stm32f7xx_hal_hash.o ABSOLUTE
    ..\STM32F7xx_HAL_Driver\Src\stm32f7xx_hal_hash_ex.c 0x00000000   Number         0  stm32f7xx_hal_hash_ex.o ABSOLUTE
    ..\STM32F7xx_HAL_Driver\Src\stm32f7xx_hal_hcd.c 0x00000000   Number         0  stm32f7xx_hal_hcd.o ABSOLUTE
    ..\STM32F7xx_HAL_Driver\Src\stm32f7xx_hal_i2c.c 0x00000000   Number         0  stm32f7xx_hal_i2c.o ABSOLUTE
    ..\STM32F7xx_HAL_Driver\Src\stm32f7xx_hal_i2c_ex.c 0x00000000   Number         0  stm32f7xx_hal_i2c_ex.o ABSOLUTE
    ..\STM32F7xx_HAL_Driver\Src\stm32f7xx_hal_i2s.c 0x00000000   Number         0  stm32f7xx_hal_i2s.o ABSOLUTE
    ..\STM32F7xx_HAL_Driver\Src\stm32f7xx_hal_irda.c 0x00000000   Number         0  stm32f7xx_hal_irda.o ABSOLUTE
    ..\STM32F7xx_HAL_Driver\Src\stm32f7xx_hal_iwdg.c 0x00000000   Number         0  stm32f7xx_hal_iwdg.o ABSOLUTE
    ..\STM32F7xx_HAL_Driver\Src\stm32f7xx_hal_jpeg.c 0x00000000   Number         0  stm32f7xx_hal_jpeg.o ABSOLUTE
    ..\STM32F7xx_HAL_Driver\Src\stm32f7xx_hal_lptim.c 0x00000000   Number         0  stm32f7xx_hal_lptim.o ABSOLUTE
    ..\STM32F7xx_HAL_Driver\Src\stm32f7xx_hal_ltdc.c 0x00000000   Number         0  stm32f7xx_hal_ltdc.o ABSOLUTE
    ..\STM32F7xx_HAL_Driver\Src\stm32f7xx_hal_ltdc_ex.c 0x00000000   Number         0  stm32f7xx_hal_ltdc_ex.o ABSOLUTE
    ..\STM32F7xx_HAL_Driver\Src\stm32f7xx_hal_mdios.c 0x00000000   Number         0  stm32f7xx_hal_mdios.o ABSOLUTE
    ..\STM32F7xx_HAL_Driver\Src\stm32f7xx_hal_nand.c 0x00000000   Number         0  stm32f7xx_hal_nand.o ABSOLUTE
    ..\STM32F7xx_HAL_Driver\Src\stm32f7xx_hal_nor.c 0x00000000   Number         0  stm32f7xx_hal_nor.o ABSOLUTE
    ..\STM32F7xx_HAL_Driver\Src\stm32f7xx_hal_pcd.c 0x00000000   Number         0  stm32f7xx_hal_pcd.o ABSOLUTE
    ..\STM32F7xx_HAL_Driver\Src\stm32f7xx_hal_pcd_ex.c 0x00000000   Number         0  stm32f7xx_hal_pcd_ex.o ABSOLUTE
    ..\STM32F7xx_HAL_Driver\Src\stm32f7xx_hal_pwr.c 0x00000000   Number         0  stm32f7xx_hal_pwr.o ABSOLUTE
    ..\STM32F7xx_HAL_Driver\Src\stm32f7xx_hal_pwr_ex.c 0x00000000   Number         0  stm32f7xx_hal_pwr_ex.o ABSOLUTE
    ..\STM32F7xx_HAL_Driver\Src\stm32f7xx_hal_qspi.c 0x00000000   Number         0  stm32f7xx_hal_qspi.o ABSOLUTE
    ..\STM32F7xx_HAL_Driver\Src\stm32f7xx_hal_rcc.c 0x00000000   Number         0  stm32f7xx_hal_rcc.o ABSOLUTE
    ..\STM32F7xx_HAL_Driver\Src\stm32f7xx_hal_rcc_ex.c 0x00000000   Number         0  stm32f7xx_hal_rcc_ex.o ABSOLUTE
    ..\STM32F7xx_HAL_Driver\Src\stm32f7xx_hal_rng.c 0x00000000   Number         0  stm32f7xx_hal_rng.o ABSOLUTE
    ..\STM32F7xx_HAL_Driver\Src\stm32f7xx_hal_rtc.c 0x00000000   Number         0  stm32f7xx_hal_rtc.o ABSOLUTE
    ..\STM32F7xx_HAL_Driver\Src\stm32f7xx_hal_rtc_ex.c 0x00000000   Number         0  stm32f7xx_hal_rtc_ex.o ABSOLUTE
    ..\STM32F7xx_HAL_Driver\Src\stm32f7xx_hal_sai.c 0x00000000   Number         0  stm32f7xx_hal_sai.o ABSOLUTE
    ..\STM32F7xx_HAL_Driver\Src\stm32f7xx_hal_sai_ex.c 0x00000000   Number         0  stm32f7xx_hal_sai_ex.o ABSOLUTE
    ..\STM32F7xx_HAL_Driver\Src\stm32f7xx_hal_sd.c 0x00000000   Number         0  stm32f7xx_hal_sd.o ABSOLUTE
    ..\STM32F7xx_HAL_Driver\Src\stm32f7xx_hal_sdram.c 0x00000000   Number         0  stm32f7xx_hal_sdram.o ABSOLUTE
    ..\STM32F7xx_HAL_Driver\Src\stm32f7xx_hal_smartcard.c 0x00000000   Number         0  stm32f7xx_hal_smartcard.o ABSOLUTE
    ..\STM32F7xx_HAL_Driver\Src\stm32f7xx_hal_smartcard_ex.c 0x00000000   Number         0  stm32f7xx_hal_smartcard_ex.o ABSOLUTE
    ..\STM32F7xx_HAL_Driver\Src\stm32f7xx_hal_spdifrx.c 0x00000000   Number         0  stm32f7xx_hal_spdifrx.o ABSOLUTE
    ..\STM32F7xx_HAL_Driver\Src\stm32f7xx_hal_spi.c 0x00000000   Number         0  stm32f7xx_hal_spi.o ABSOLUTE
    ..\STM32F7xx_HAL_Driver\Src\stm32f7xx_hal_sram.c 0x00000000   Number         0  stm32f7xx_hal_sram.o ABSOLUTE
    ..\STM32F7xx_HAL_Driver\Src\stm32f7xx_hal_tim.c 0x00000000   Number         0  stm32f7xx_hal_tim.o ABSOLUTE
    ..\STM32F7xx_HAL_Driver\Src\stm32f7xx_hal_tim_ex.c 0x00000000   Number         0  stm32f7xx_hal_tim_ex.o ABSOLUTE
    ..\STM32F7xx_HAL_Driver\Src\stm32f7xx_hal_uart.c 0x00000000   Number         0  stm32f7xx_hal_uart.o ABSOLUTE
    ..\STM32F7xx_HAL_Driver\Src\stm32f7xx_hal_usart.c 0x00000000   Number         0  stm32f7xx_hal_usart.o ABSOLUTE
    ..\STM32F7xx_HAL_Driver\Src\stm32f7xx_hal_wwdg.c 0x00000000   Number         0  stm32f7xx_hal_wwdg.o ABSOLUTE
    ..\STM32F7xx_HAL_Driver\Src\stm32f7xx_ll_fmc.c 0x00000000   Number         0  stm32f7xx_ll_fmc.o ABSOLUTE
    ..\STM32F7xx_HAL_Driver\Src\stm32f7xx_ll_sdmmc.c 0x00000000   Number         0  stm32f7xx_ll_sdmmc.o ABSOLUTE
    ..\STM32F7xx_HAL_Driver\Src\stm32f7xx_ll_usb.c 0x00000000   Number         0  stm32f7xx_ll_usb.o ABSOLUTE
    ..\\MAIN\\main.c                         0x00000000   Number         0  main.o ABSOLUTE
    ..\\STM32F7-Source\\src\\stm32f7xx_it.c  0x00000000   Number         0  stm32f7xx_it.o ABSOLUTE
    ..\\STM32F7-Source\\src\\system_stm32f7xx.c 0x00000000   Number         0  system_stm32f7xx.o ABSOLUTE
    ..\\STM32F7xx_HAL_Driver\\Src\\stm32f7xx_hal.c 0x00000000   Number         0  stm32f7xx_hal.o ABSOLUTE
    ..\\STM32F7xx_HAL_Driver\\Src\\stm32f7xx_hal_adc.c 0x00000000   Number         0  stm32f7xx_hal_adc.o ABSOLUTE
    ..\\STM32F7xx_HAL_Driver\\Src\\stm32f7xx_hal_adc_ex.c 0x00000000   Number         0  stm32f7xx_hal_adc_ex.o ABSOLUTE
    ..\\STM32F7xx_HAL_Driver\\Src\\stm32f7xx_hal_can.c 0x00000000   Number         0  stm32f7xx_hal_can.o ABSOLUTE
    ..\\STM32F7xx_HAL_Driver\\Src\\stm32f7xx_hal_cec.c 0x00000000   Number         0  stm32f7xx_hal_cec.o ABSOLUTE
    ..\\STM32F7xx_HAL_Driver\\Src\\stm32f7xx_hal_cortex.c 0x00000000   Number         0  stm32f7xx_hal_cortex.o ABSOLUTE
    ..\\STM32F7xx_HAL_Driver\\Src\\stm32f7xx_hal_crc.c 0x00000000   Number         0  stm32f7xx_hal_crc.o ABSOLUTE
    ..\\STM32F7xx_HAL_Driver\\Src\\stm32f7xx_hal_crc_ex.c 0x00000000   Number         0  stm32f7xx_hal_crc_ex.o ABSOLUTE
    ..\\STM32F7xx_HAL_Driver\\Src\\stm32f7xx_hal_cryp.c 0x00000000   Number         0  stm32f7xx_hal_cryp.o ABSOLUTE
    ..\\STM32F7xx_HAL_Driver\\Src\\stm32f7xx_hal_cryp_ex.c 0x00000000   Number         0  stm32f7xx_hal_cryp_ex.o ABSOLUTE
    ..\\STM32F7xx_HAL_Driver\\Src\\stm32f7xx_hal_dac.c 0x00000000   Number         0  stm32f7xx_hal_dac.o ABSOLUTE
    ..\\STM32F7xx_HAL_Driver\\Src\\stm32f7xx_hal_dac_ex.c 0x00000000   Number         0  stm32f7xx_hal_dac_ex.o ABSOLUTE
    ..\\STM32F7xx_HAL_Driver\\Src\\stm32f7xx_hal_dcmi.c 0x00000000   Number         0  stm32f7xx_hal_dcmi.o ABSOLUTE
    ..\\STM32F7xx_HAL_Driver\\Src\\stm32f7xx_hal_dfsdm.c 0x00000000   Number         0  stm32f7xx_hal_dfsdm.o ABSOLUTE
    ..\\STM32F7xx_HAL_Driver\\Src\\stm32f7xx_hal_dma.c 0x00000000   Number         0  stm32f7xx_hal_dma.o ABSOLUTE
    ..\\STM32F7xx_HAL_Driver\\Src\\stm32f7xx_hal_dma2d.c 0x00000000   Number         0  stm32f7xx_hal_dma2d.o ABSOLUTE
    ..\\STM32F7xx_HAL_Driver\\Src\\stm32f7xx_hal_dma_ex.c 0x00000000   Number         0  stm32f7xx_hal_dma_ex.o ABSOLUTE
    ..\\STM32F7xx_HAL_Driver\\Src\\stm32f7xx_hal_dsi.c 0x00000000   Number         0  stm32f7xx_hal_dsi.o ABSOLUTE
    ..\\STM32F7xx_HAL_Driver\\Src\\stm32f7xx_hal_eth.c 0x00000000   Number         0  stm32f7xx_hal_eth.o ABSOLUTE
    ..\\STM32F7xx_HAL_Driver\\Src\\stm32f7xx_hal_flash.c 0x00000000   Number         0  stm32f7xx_hal_flash.o ABSOLUTE
    ..\\STM32F7xx_HAL_Driver\\Src\\stm32f7xx_hal_flash_ex.c 0x00000000   Number         0  stm32f7xx_hal_flash_ex.o ABSOLUTE
    ..\\STM32F7xx_HAL_Driver\\Src\\stm32f7xx_hal_gpio.c 0x00000000   Number         0  stm32f7xx_hal_gpio.o ABSOLUTE
    ..\\STM32F7xx_HAL_Driver\\Src\\stm32f7xx_hal_hash.c 0x00000000   Number         0  stm32f7xx_hal_hash.o ABSOLUTE
    ..\\STM32F7xx_HAL_Driver\\Src\\stm32f7xx_hal_hash_ex.c 0x00000000   Number         0  stm32f7xx_hal_hash_ex.o ABSOLUTE
    ..\\STM32F7xx_HAL_Driver\\Src\\stm32f7xx_hal_hcd.c 0x00000000   Number         0  stm32f7xx_hal_hcd.o ABSOLUTE
    ..\\STM32F7xx_HAL_Driver\\Src\\stm32f7xx_hal_i2c.c 0x00000000   Number         0  stm32f7xx_hal_i2c.o ABSOLUTE
    ..\\STM32F7xx_HAL_Driver\\Src\\stm32f7xx_hal_i2c_ex.c 0x00000000   Number         0  stm32f7xx_hal_i2c_ex.o ABSOLUTE
    ..\\STM32F7xx_HAL_Driver\\Src\\stm32f7xx_hal_i2s.c 0x00000000   Number         0  stm32f7xx_hal_i2s.o ABSOLUTE
    ..\\STM32F7xx_HAL_Driver\\Src\\stm32f7xx_hal_irda.c 0x00000000   Number         0  stm32f7xx_hal_irda.o ABSOLUTE
    ..\\STM32F7xx_HAL_Driver\\Src\\stm32f7xx_hal_iwdg.c 0x00000000   Number         0  stm32f7xx_hal_iwdg.o ABSOLUTE
    ..\\STM32F7xx_HAL_Driver\\Src\\stm32f7xx_hal_jpeg.c 0x00000000   Number         0  stm32f7xx_hal_jpeg.o ABSOLUTE
    ..\\STM32F7xx_HAL_Driver\\Src\\stm32f7xx_hal_lptim.c 0x00000000   Number         0  stm32f7xx_hal_lptim.o ABSOLUTE
    ..\\STM32F7xx_HAL_Driver\\Src\\stm32f7xx_hal_ltdc.c 0x00000000   Number         0  stm32f7xx_hal_ltdc.o ABSOLUTE
    ..\\STM32F7xx_HAL_Driver\\Src\\stm32f7xx_hal_ltdc_ex.c 0x00000000   Number         0  stm32f7xx_hal_ltdc_ex.o ABSOLUTE
    ..\\STM32F7xx_HAL_Driver\\Src\\stm32f7xx_hal_mdios.c 0x00000000   Number         0  stm32f7xx_hal_mdios.o ABSOLUTE
    ..\\STM32F7xx_HAL_Driver\\Src\\stm32f7xx_hal_nand.c 0x00000000   Number         0  stm32f7xx_hal_nand.o ABSOLUTE
    ..\\STM32F7xx_HAL_Driver\\Src\\stm32f7xx_hal_nor.c 0x00000000   Number         0  stm32f7xx_hal_nor.o ABSOLUTE
    ..\\STM32F7xx_HAL_Driver\\Src\\stm32f7xx_hal_pcd.c 0x00000000   Number         0  stm32f7xx_hal_pcd.o ABSOLUTE
    ..\\STM32F7xx_HAL_Driver\\Src\\stm32f7xx_hal_pcd_ex.c 0x00000000   Number         0  stm32f7xx_hal_pcd_ex.o ABSOLUTE
    ..\\STM32F7xx_HAL_Driver\\Src\\stm32f7xx_hal_pwr.c 0x00000000   Number         0  stm32f7xx_hal_pwr.o ABSOLUTE
    ..\\STM32F7xx_HAL_Driver\\Src\\stm32f7xx_hal_pwr_ex.c 0x00000000   Number         0  stm32f7xx_hal_pwr_ex.o ABSOLUTE
    ..\\STM32F7xx_HAL_Driver\\Src\\stm32f7xx_hal_qspi.c 0x00000000   Number         0  stm32f7xx_hal_qspi.o ABSOLUTE
    ..\\STM32F7xx_HAL_Driver\\Src\\stm32f7xx_hal_rcc.c 0x00000000   Number         0  stm32f7xx_hal_rcc.o ABSOLUTE
    ..\\STM32F7xx_HAL_Driver\\Src\\stm32f7xx_hal_rcc_ex.c 0x00000000   Number         0  stm32f7xx_hal_rcc_ex.o ABSOLUTE
    ..\\STM32F7xx_HAL_Driver\\Src\\stm32f7xx_hal_rng.c 0x00000000   Number         0  stm32f7xx_hal_rng.o ABSOLUTE
    ..\\STM32F7xx_HAL_Driver\\Src\\stm32f7xx_hal_rtc.c 0x00000000   Number         0  stm32f7xx_hal_rtc.o ABSOLUTE
    ..\\STM32F7xx_HAL_Driver\\Src\\stm32f7xx_hal_rtc_ex.c 0x00000000   Number         0  stm32f7xx_hal_rtc_ex.o ABSOLUTE
    ..\\STM32F7xx_HAL_Driver\\Src\\stm32f7xx_hal_sai.c 0x00000000   Number         0  stm32f7xx_hal_sai.o ABSOLUTE
    ..\\STM32F7xx_HAL_Driver\\Src\\stm32f7xx_hal_sd.c 0x00000000   Number         0  stm32f7xx_hal_sd.o ABSOLUTE
    ..\\STM32F7xx_HAL_Driver\\Src\\stm32f7xx_hal_sdram.c 0x00000000   Number         0  stm32f7xx_hal_sdram.o ABSOLUTE
    ..\\STM32F7xx_HAL_Driver\\Src\\stm32f7xx_hal_smartcard.c 0x00000000   Number         0  stm32f7xx_hal_smartcard.o ABSOLUTE
    ..\\STM32F7xx_HAL_Driver\\Src\\stm32f7xx_hal_smartcard_ex.c 0x00000000   Number         0  stm32f7xx_hal_smartcard_ex.o ABSOLUTE
    ..\\STM32F7xx_HAL_Driver\\Src\\stm32f7xx_hal_spdifrx.c 0x00000000   Number         0  stm32f7xx_hal_spdifrx.o ABSOLUTE
    ..\\STM32F7xx_HAL_Driver\\Src\\stm32f7xx_hal_spi.c 0x00000000   Number         0  stm32f7xx_hal_spi.o ABSOLUTE
    ..\\STM32F7xx_HAL_Driver\\Src\\stm32f7xx_hal_sram.c 0x00000000   Number         0  stm32f7xx_hal_sram.o ABSOLUTE
    ..\\STM32F7xx_HAL_Driver\\Src\\stm32f7xx_hal_tim.c 0x00000000   Number         0  stm32f7xx_hal_tim.o ABSOLUTE
    ..\\STM32F7xx_HAL_Driver\\Src\\stm32f7xx_hal_tim_ex.c 0x00000000   Number         0  stm32f7xx_hal_tim_ex.o ABSOLUTE
    ..\\STM32F7xx_HAL_Driver\\Src\\stm32f7xx_hal_uart.c 0x00000000   Number         0  stm32f7xx_hal_uart.o ABSOLUTE
    ..\\STM32F7xx_HAL_Driver\\Src\\stm32f7xx_hal_usart.c 0x00000000   Number         0  stm32f7xx_hal_usart.o ABSOLUTE
    ..\\STM32F7xx_HAL_Driver\\Src\\stm32f7xx_hal_wwdg.c 0x00000000   Number         0  stm32f7xx_hal_wwdg.o ABSOLUTE
    ..\\STM32F7xx_HAL_Driver\\Src\\stm32f7xx_ll_fmc.c 0x00000000   Number         0  stm32f7xx_ll_fmc.o ABSOLUTE
    ..\\STM32F7xx_HAL_Driver\\Src\\stm32f7xx_ll_sdmmc.c 0x00000000   Number         0  stm32f7xx_ll_sdmmc.o ABSOLUTE
    ..\\STM32F7xx_HAL_Driver\\Src\\stm32f7xx_ll_usb.c 0x00000000   Number         0  stm32f7xx_ll_usb.o ABSOLUTE
    dc.s                                     0x00000000   Number         0  dc.o ABSOLUTE
    RESET                                    0x08000000   Section      456  startup_stm32f746xx.o(RESET)
    !!!main                                  0x080001c8   Section        8  __main.o(!!!main)
    !!!scatter                               0x080001d0   Section       52  __scatter.o(!!!scatter)
    !!handler_copy                           0x08000204   Section       26  __scatter_copy.o(!!handler_copy)
    !!handler_zi                             0x08000220   Section       28  __scatter_zi.o(!!handler_zi)
    .ARM.Collect$$libinit$$00000000          0x0800023c   Section        2  libinit.o(.ARM.Collect$$libinit$$00000000)
    .ARM.Collect$$libinit$$00000001          0x0800023e   Section        4  libinit2.o(.ARM.Collect$$libinit$$00000001)
    .ARM.Collect$$libinit$$00000004          0x08000242   Section        0  libinit2.o(.ARM.Collect$$libinit$$00000004)
    .ARM.Collect$$libinit$$0000000A          0x08000242   Section        0  libinit2.o(.ARM.Collect$$libinit$$0000000A)
    .ARM.Collect$$libinit$$0000000C          0x08000242   Section        0  libinit2.o(.ARM.Collect$$libinit$$0000000C)
    .ARM.Collect$$libinit$$0000000E          0x08000242   Section        0  libinit2.o(.ARM.Collect$$libinit$$0000000E)
    .ARM.Collect$$libinit$$00000011          0x08000242   Section        0  libinit2.o(.ARM.Collect$$libinit$$00000011)
    .ARM.Collect$$libinit$$00000013          0x08000242   Section        0  libinit2.o(.ARM.Collect$$libinit$$00000013)
    .ARM.Collect$$libinit$$00000015          0x08000242   Section        0  libinit2.o(.ARM.Collect$$libinit$$00000015)
    .ARM.Collect$$libinit$$00000017          0x08000242   Section        0  libinit2.o(.ARM.Collect$$libinit$$00000017)
    .ARM.Collect$$libinit$$00000019          0x08000242   Section        0  libinit2.o(.ARM.Collect$$libinit$$00000019)
    .ARM.Collect$$libinit$$0000001B          0x08000242   Section        0  libinit2.o(.ARM.Collect$$libinit$$0000001B)
    .ARM.Collect$$libinit$$0000001D          0x08000242   Section        0  libinit2.o(.ARM.Collect$$libinit$$0000001D)
    .ARM.Collect$$libinit$$0000001F          0x08000242   Section        0  libinit2.o(.ARM.Collect$$libinit$$0000001F)
    .ARM.Collect$$libinit$$00000021          0x08000242   Section        0  libinit2.o(.ARM.Collect$$libinit$$00000021)
    .ARM.Collect$$libinit$$00000023          0x08000242   Section        0  libinit2.o(.ARM.Collect$$libinit$$00000023)
    .ARM.Collect$$libinit$$00000025          0x08000242   Section        0  libinit2.o(.ARM.Collect$$libinit$$00000025)
    .ARM.Collect$$libinit$$0000002C          0x08000242   Section        0  libinit2.o(.ARM.Collect$$libinit$$0000002C)
    .ARM.Collect$$libinit$$0000002E          0x08000242   Section        0  libinit2.o(.ARM.Collect$$libinit$$0000002E)
    .ARM.Collect$$libinit$$00000030          0x08000242   Section        0  libinit2.o(.ARM.Collect$$libinit$$00000030)
    .ARM.Collect$$libinit$$00000032          0x08000242   Section        0  libinit2.o(.ARM.Collect$$libinit$$00000032)
    .ARM.Collect$$libinit$$00000033          0x08000242   Section        2  libinit2.o(.ARM.Collect$$libinit$$00000033)
    .ARM.Collect$$libshutdown$$00000000      0x08000244   Section        2  libshutdown.o(.ARM.Collect$$libshutdown$$00000000)
    .ARM.Collect$$libshutdown$$00000003      0x08000246   Section        0  libshutdown2.o(.ARM.Collect$$libshutdown$$00000003)
    .ARM.Collect$$libshutdown$$00000006      0x08000246   Section        0  libshutdown2.o(.ARM.Collect$$libshutdown$$00000006)
    .ARM.Collect$$libshutdown$$00000009      0x08000246   Section        0  libshutdown2.o(.ARM.Collect$$libshutdown$$00000009)
    .ARM.Collect$$libshutdown$$0000000B      0x08000246   Section        0  libshutdown2.o(.ARM.Collect$$libshutdown$$0000000B)
    .ARM.Collect$$libshutdown$$0000000E      0x08000246   Section        0  libshutdown2.o(.ARM.Collect$$libshutdown$$0000000E)
    .ARM.Collect$$libshutdown$$0000000F      0x08000246   Section        2  libshutdown2.o(.ARM.Collect$$libshutdown$$0000000F)
    .ARM.Collect$$rtentry$$00000000          0x08000248   Section        0  __rtentry.o(.ARM.Collect$$rtentry$$00000000)
    .ARM.Collect$$rtentry$$00000002          0x08000248   Section        0  __rtentry2.o(.ARM.Collect$$rtentry$$00000002)
    .ARM.Collect$$rtentry$$00000004          0x08000248   Section        6  __rtentry4.o(.ARM.Collect$$rtentry$$00000004)
    .ARM.Collect$$rtentry$$00000009          0x0800024e   Section        0  __rtentry2.o(.ARM.Collect$$rtentry$$00000009)
    .ARM.Collect$$rtentry$$0000000A          0x0800024e   Section        4  __rtentry2.o(.ARM.Collect$$rtentry$$0000000A)
    .ARM.Collect$$rtentry$$0000000C          0x08000252   Section        0  __rtentry2.o(.ARM.Collect$$rtentry$$0000000C)
    .ARM.Collect$$rtentry$$0000000D          0x08000252   Section        8  __rtentry2.o(.ARM.Collect$$rtentry$$0000000D)
    .ARM.Collect$$rtexit$$00000000           0x0800025a   Section        2  rtexit.o(.ARM.Collect$$rtexit$$00000000)
    .ARM.Collect$$rtexit$$00000002           0x0800025c   Section        0  rtexit2.o(.ARM.Collect$$rtexit$$00000002)
    .ARM.Collect$$rtexit$$00000003           0x0800025c   Section        4  rtexit2.o(.ARM.Collect$$rtexit$$00000003)
    .ARM.Collect$$rtexit$$00000004           0x08000260   Section        6  rtexit2.o(.ARM.Collect$$rtexit$$00000004)
    .text                                    0x08000268   Section       64  startup_stm32f746xx.o(.text)
    $v0                                      0x08000268   Number         0  startup_stm32f746xx.o(.text)
    .text                                    0x080002a8   Section        0  stm32f7xx_it.o(.text)
    .text                                    0x080002c4   Section        0  system_stm32f7xx.o(.text)
    .text                                    0x080003e4   Section        0  main.o(.text)
    .text                                    0x08000448   Section        0  heapauxi.o(.text)
    .text                                    0x0800044e   Section       74  sys_stackheap_outer.o(.text)
    .text                                    0x08000498   Section        0  exit.o(.text)
    .text                                    0x080004a4   Section        8  libspace.o(.text)
    .text                                    0x080004ac   Section        0  sys_exit.o(.text)
    .text                                    0x080004b8   Section        2  use_no_semi.o(.text)
    .text                                    0x080004ba   Section        0  indicate_semi.o(.text)
    x$fpl$fpinit                             0x080004ba   Section       10  fpinit.o(x$fpl$fpinit)
    $v0                                      0x080004ba   Number         0  fpinit.o(x$fpl$fpinit)
    .constdata                               0x080004c4   Section       24  system_stm32f7xx.o(.constdata)
    .data                                    0x20010000   Section        4  system_stm32f7xx.o(.data)
    .bss                                     0x20010004   Section       96  libspace.o(.bss)
    HEAP                                     0x20010068   Section      512  startup_stm32f746xx.o(HEAP)
    Heap_Mem                                 0x20010068   Data         512  startup_stm32f746xx.o(HEAP)
    STACK                                    0x20010268   Section     1024  startup_stm32f746xx.o(STACK)
    Stack_Mem                                0x20010268   Data        1024  startup_stm32f746xx.o(STACK)
    __initial_sp                             0x20010668   Data           0  startup_stm32f746xx.o(STACK)

    Global Symbols

    Symbol Name                              Value     Ov Type        Size  Object(Section)

    BuildAttributes$$THM_ISAv4$E$P$D$K$B$S$7EM$VFPi3$EXTD16$VFPS$VFMA$PE$PLD8$A:L22UL41UL21$X:L11$S22US41US21$IEEE1$IW$USESV6$~STKCKD$USESV7$~SHL$OSPACE$ROPI$EBA8$UX$STANDARDLIB$REQ8$PRES8$EABIv2 0x00000000   Number         0  anon$$obj.o ABSOLUTE
    __ARM_use_no_argv                        0x00000000   Number         0  main.o ABSOLUTE
    __ARM_exceptions_init                     - Undefined Weak Reference
    __alloca_initialize                       - Undefined Weak Reference
    __arm_preinit_                            - Undefined Weak Reference
    __cpp_initialize__aeabi_                  - Undefined Weak Reference
    __cxa_finalize                            - Undefined Weak Reference
    __rt_locale                               - Undefined Weak Reference
    __sigvec_lookup                           - Undefined Weak Reference
    _atexit_init                              - Undefined Weak Reference
    _call_atexit_fns                          - Undefined Weak Reference
    _clock_init                               - Undefined Weak Reference
    _fp_trap_init                             - Undefined Weak Reference
    _fp_trap_shutdown                         - Undefined Weak Reference
    _get_lc_collate                           - Undefined Weak Reference
    _get_lc_ctype                             - Undefined Weak Reference
    _get_lc_monetary                          - Undefined Weak Reference
    _get_lc_numeric                           - Undefined Weak Reference
    _get_lc_time                              - Undefined Weak Reference
    _getenv_init                              - Undefined Weak Reference
    _handle_redirection                       - Undefined Weak Reference
    _init_alloc                               - Undefined Weak Reference
    _init_user_alloc                          - Undefined Weak Reference
    _initio                                   - Undefined Weak Reference
    _rand_init                                - Undefined Weak Reference
    _signal_finish                            - Undefined Weak Reference
    _signal_init                              - Undefined Weak Reference
    _terminate_alloc                          - Undefined Weak Reference
    _terminate_user_alloc                     - Undefined Weak Reference
    _terminateio                              - Undefined Weak Reference
    __Vectors_Size                           0x000001c8   Number         0  startup_stm32f746xx.o ABSOLUTE
    __Vectors                                0x08000000   Data           4  startup_stm32f746xx.o(RESET)
    __Vectors_End                            0x080001c8   Data           0  startup_stm32f746xx.o(RESET)
    __main                                   0x080001c9   Thumb Code     8  __main.o(!!!main)
    __scatterload                            0x080001d1   Thumb Code     0  __scatter.o(!!!scatter)
    __scatterload_rt2                        0x080001d1   Thumb Code    44  __scatter.o(!!!scatter)
    __scatterload_rt2_thumb_only             0x080001d1   Thumb Code     0  __scatter.o(!!!scatter)
    __scatterload_null                       0x080001df   Thumb Code     0  __scatter.o(!!!scatter)
    __scatterload_copy                       0x08000205   Thumb Code    26  __scatter_copy.o(!!handler_copy)
    __scatterload_zeroinit                   0x08000221   Thumb Code    28  __scatter_zi.o(!!handler_zi)
    __rt_lib_init                            0x0800023d   Thumb Code     0  libinit.o(.ARM.Collect$$libinit$$00000000)
    __rt_lib_init_fp_1                       0x0800023f   Thumb Code     0  libinit2.o(.ARM.Collect$$libinit$$00000001)
    __rt_lib_init_alloca_1                   0x08000243   Thumb Code     0  libinit2.o(.ARM.Collect$$libinit$$0000002E)
    __rt_lib_init_argv_1                     0x08000243   Thumb Code     0  libinit2.o(.ARM.Collect$$libinit$$0000002C)
    __rt_lib_init_atexit_1                   0x08000243   Thumb Code     0  libinit2.o(.ARM.Collect$$libinit$$0000001B)
    __rt_lib_init_clock_1                    0x08000243   Thumb Code     0  libinit2.o(.ARM.Collect$$libinit$$00000021)
    __rt_lib_init_cpp_1                      0x08000243   Thumb Code     0  libinit2.o(.ARM.Collect$$libinit$$00000032)
    __rt_lib_init_exceptions_1               0x08000243   Thumb Code     0  libinit2.o(.ARM.Collect$$libinit$$00000030)
    __rt_lib_init_fp_trap_1                  0x08000243   Thumb Code     0  libinit2.o(.ARM.Collect$$libinit$$0000001F)
    __rt_lib_init_getenv_1                   0x08000243   Thumb Code     0  libinit2.o(.ARM.Collect$$libinit$$00000023)
    __rt_lib_init_heap_1                     0x08000243   Thumb Code     0  libinit2.o(.ARM.Collect$$libinit$$0000000A)
    __rt_lib_init_lc_collate_1               0x08000243   Thumb Code     0  libinit2.o(.ARM.Collect$$libinit$$00000011)
    __rt_lib_init_lc_ctype_1                 0x08000243   Thumb Code     0  libinit2.o(.ARM.Collect$$libinit$$00000013)
    __rt_lib_init_lc_monetary_1              0x08000243   Thumb Code     0  libinit2.o(.ARM.Collect$$libinit$$00000015)
    __rt_lib_init_lc_numeric_1               0x08000243   Thumb Code     0  libinit2.o(.ARM.Collect$$libinit$$00000017)
    __rt_lib_init_lc_time_1                  0x08000243   Thumb Code     0  libinit2.o(.ARM.Collect$$libinit$$00000019)
    __rt_lib_init_preinit_1                  0x08000243   Thumb Code     0  libinit2.o(.ARM.Collect$$libinit$$00000004)
    __rt_lib_init_rand_1                     0x08000243   Thumb Code     0  libinit2.o(.ARM.Collect$$libinit$$0000000E)
    __rt_lib_init_return                     0x08000243   Thumb Code     0  libinit2.o(.ARM.Collect$$libinit$$00000033)
    __rt_lib_init_signal_1                   0x08000243   Thumb Code     0  libinit2.o(.ARM.Collect$$libinit$$0000001D)
    __rt_lib_init_stdio_1                    0x08000243   Thumb Code     0  libinit2.o(.ARM.Collect$$libinit$$00000025)
    __rt_lib_init_user_alloc_1               0x08000243   Thumb Code     0  libinit2.o(.ARM.Collect$$libinit$$0000000C)
    __rt_lib_shutdown                        0x08000245   Thumb Code     0  libshutdown.o(.ARM.Collect$$libshutdown$$00000000)
    __rt_lib_shutdown_fp_trap_1              0x08000247   Thumb Code     0  libshutdown2.o(.ARM.Collect$$libshutdown$$00000006)
    __rt_lib_shutdown_heap_1                 0x08000247   Thumb Code     0  libshutdown2.o(.ARM.Collect$$libshutdown$$0000000E)
    __rt_lib_shutdown_return                 0x08000247   Thumb Code     0  libshutdown2.o(.ARM.Collect$$libshutdown$$0000000F)
    __rt_lib_shutdown_signal_1               0x08000247   Thumb Code     0  libshutdown2.o(.ARM.Collect$$libshutdown$$00000009)
    __rt_lib_shutdown_stdio_1                0x08000247   Thumb Code     0  libshutdown2.o(.ARM.Collect$$libshutdown$$00000003)
    __rt_lib_shutdown_user_alloc_1           0x08000247   Thumb Code     0  libshutdown2.o(.ARM.Collect$$libshutdown$$0000000B)
    __rt_entry                               0x08000249   Thumb Code     0  __rtentry.o(.ARM.Collect$$rtentry$$00000000)
    __rt_entry_presh_1                       0x08000249   Thumb Code     0  __rtentry2.o(.ARM.Collect$$rtentry$$00000002)
    __rt_entry_sh                            0x08000249   Thumb Code     0  __rtentry4.o(.ARM.Collect$$rtentry$$00000004)
    __rt_entry_li                            0x0800024f   Thumb Code     0  __rtentry2.o(.ARM.Collect$$rtentry$$0000000A)
    __rt_entry_postsh_1                      0x0800024f   Thumb Code     0  __rtentry2.o(.ARM.Collect$$rtentry$$00000009)
    __rt_entry_main                          0x08000253   Thumb Code     0  __rtentry2.o(.ARM.Collect$$rtentry$$0000000D)
    __rt_entry_postli_1                      0x08000253   Thumb Code     0  __rtentry2.o(.ARM.Collect$$rtentry$$0000000C)
    __rt_exit                                0x0800025b   Thumb Code     0  rtexit.o(.ARM.Collect$$rtexit$$00000000)
    __rt_exit_ls                             0x0800025d   Thumb Code     0  rtexit2.o(.ARM.Collect$$rtexit$$00000003)
    __rt_exit_prels_1                        0x0800025d   Thumb Code     0  rtexit2.o(.ARM.Collect$$rtexit$$00000002)
    __rt_exit_exit                           0x08000261   Thumb Code     0  rtexit2.o(.ARM.Collect$$rtexit$$00000004)
    Reset_Handler                            0x08000269   Thumb Code     8  startup_stm32f746xx.o(.text)
    SVC_Handler                              0x0800027b   Thumb Code     2  startup_stm32f746xx.o(.text)
    PendSV_Handler                           0x0800027f   Thumb Code     2  startup_stm32f746xx.o(.text)
    ADC_IRQHandler                           0x08000283   Thumb Code     0  startup_stm32f746xx.o(.text)
    CAN1_RX0_IRQHandler                      0x08000283   Thumb Code     0  startup_stm32f746xx.o(.text)
    CAN1_RX1_IRQHandler                      0x08000283   Thumb Code     0  startup_stm32f746xx.o(.text)
    CAN1_SCE_IRQHandler                      0x08000283   Thumb Code     0  startup_stm32f746xx.o(.text)
    CAN1_TX_IRQHandler                       0x08000283   Thumb Code     0  startup_stm32f746xx.o(.text)
    CAN2_RX0_IRQHandler                      0x08000283   Thumb Code     0  startup_stm32f746xx.o(.text)
    CAN2_RX1_IRQHandler                      0x08000283   Thumb Code     0  startup_stm32f746xx.o(.text)
    CAN2_SCE_IRQHandler                      0x08000283   Thumb Code     0  startup_stm32f746xx.o(.text)
    CAN2_TX_IRQHandler                       0x08000283   Thumb Code     0  startup_stm32f746xx.o(.text)
    CEC_IRQHandler                           0x08000283   Thumb Code     0  startup_stm32f746xx.o(.text)
    DCMI_IRQHandler                          0x08000283   Thumb Code     0  startup_stm32f746xx.o(.text)
    DMA1_Stream0_IRQHandler                  0x08000283   Thumb Code     0  startup_stm32f746xx.o(.text)
    DMA1_Stream1_IRQHandler                  0x08000283   Thumb Code     0  startup_stm32f746xx.o(.text)
    DMA1_Stream2_IRQHandler                  0x08000283   Thumb Code     0  startup_stm32f746xx.o(.text)
    DMA1_Stream3_IRQHandler                  0x08000283   Thumb Code     0  startup_stm32f746xx.o(.text)
    DMA1_Stream4_IRQHandler                  0x08000283   Thumb Code     0  startup_stm32f746xx.o(.text)
    DMA1_Stream5_IRQHandler                  0x08000283   Thumb Code     0  startup_stm32f746xx.o(.text)
    DMA1_Stream6_IRQHandler                  0x08000283   Thumb Code     0  startup_stm32f746xx.o(.text)
    DMA1_Stream7_IRQHandler                  0x08000283   Thumb Code     0  startup_stm32f746xx.o(.text)
    DMA2D_IRQHandler                         0x08000283   Thumb Code     0  startup_stm32f746xx.o(.text)
    DMA2_Stream0_IRQHandler                  0x08000283   Thumb Code     0  startup_stm32f746xx.o(.text)
    DMA2_Stream1_IRQHandler                  0x08000283   Thumb Code     0  startup_stm32f746xx.o(.text)
    DMA2_Stream2_IRQHandler                  0x08000283   Thumb Code     0  startup_stm32f746xx.o(.text)
    DMA2_Stream3_IRQHandler                  0x08000283   Thumb Code     0  startup_stm32f746xx.o(.text)
    DMA2_Stream4_IRQHandler                  0x08000283   Thumb Code     0  startup_stm32f746xx.o(.text)
    DMA2_Stream5_IRQHandler                  0x08000283   Thumb Code     0  startup_stm32f746xx.o(.text)
    DMA2_Stream6_IRQHandler                  0x08000283   Thumb Code     0  startup_stm32f746xx.o(.text)
    DMA2_Stream7_IRQHandler                  0x08000283   Thumb Code     0  startup_stm32f746xx.o(.text)
    ETH_IRQHandler                           0x08000283   Thumb Code     0  startup_stm32f746xx.o(.text)
    ETH_WKUP_IRQHandler                      0x08000283   Thumb Code     0  startup_stm32f746xx.o(.text)
    EXTI0_IRQHandler                         0x08000283   Thumb Code     0  startup_stm32f746xx.o(.text)
    EXTI15_10_IRQHandler                     0x08000283   Thumb Code     0  startup_stm32f746xx.o(.text)
    EXTI1_IRQHandler                         0x08000283   Thumb Code     0  startup_stm32f746xx.o(.text)
    EXTI2_IRQHandler                         0x08000283   Thumb Code     0  startup_stm32f746xx.o(.text)
    EXTI3_IRQHandler                         0x08000283   Thumb Code     0  startup_stm32f746xx.o(.text)
    EXTI4_IRQHandler                         0x08000283   Thumb Code     0  startup_stm32f746xx.o(.text)
    EXTI9_5_IRQHandler                       0x08000283   Thumb Code     0  startup_stm32f746xx.o(.text)
    FLASH_IRQHandler                         0x08000283   Thumb Code     0  startup_stm32f746xx.o(.text)
    FMC_IRQHandler                           0x08000283   Thumb Code     0  startup_stm32f746xx.o(.text)
    FPU_IRQHandler                           0x08000283   Thumb Code     0  startup_stm32f746xx.o(.text)
    I2C1_ER_IRQHandler                       0x08000283   Thumb Code     0  startup_stm32f746xx.o(.text)
    I2C1_EV_IRQHandler                       0x08000283   Thumb Code     0  startup_stm32f746xx.o(.text)
    I2C2_ER_IRQHandler                       0x08000283   Thumb Code     0  startup_stm32f746xx.o(.text)
    I2C2_EV_IRQHandler                       0x08000283   Thumb Code     0  startup_stm32f746xx.o(.text)
    I2C3_ER_IRQHandler                       0x08000283   Thumb Code     0  startup_stm32f746xx.o(.text)
    I2C3_EV_IRQHandler                       0x08000283   Thumb Code     0  startup_stm32f746xx.o(.text)
    I2C4_ER_IRQHandler                       0x08000283   Thumb Code     0  startup_stm32f746xx.o(.text)
    I2C4_EV_IRQHandler                       0x08000283   Thumb Code     0  startup_stm32f746xx.o(.text)
    LPTIM1_IRQHandler                        0x08000283   Thumb Code     0  startup_stm32f746xx.o(.text)
    LTDC_ER_IRQHandler                       0x08000283   Thumb Code     0  startup_stm32f746xx.o(.text)
    OTG_FS_IRQHandler                        0x08000283   Thumb Code     0  startup_stm32f746xx.o(.text)
    OTG_FS_WKUP_IRQHandler                   0x08000283   Thumb Code     0  startup_stm32f746xx.o(.text)
    OTG_HS_EP1_IN_IRQHandler                 0x08000283   Thumb Code     0  startup_stm32f746xx.o(.text)
    OTG_HS_EP1_OUT_IRQHandler                0x08000283   Thumb Code     0  startup_stm32f746xx.o(.text)
    OTG_HS_IRQHandler                        0x08000283   Thumb Code     0  startup_stm32f746xx.o(.text)
    OTG_HS_WKUP_IRQHandler                   0x08000283   Thumb Code     0  startup_stm32f746xx.o(.text)
    PVD_IRQHandler                           0x08000283   Thumb Code     0  startup_stm32f746xx.o(.text)
    QUADSPI_IRQHandler                       0x08000283   Thumb Code     0  startup_stm32f746xx.o(.text)
    RCC_IRQHandler                           0x08000283   Thumb Code     0  startup_stm32f746xx.o(.text)
    RNG_IRQHandler                           0x08000283   Thumb Code     0  startup_stm32f746xx.o(.text)
    RTC_Alarm_IRQHandler                     0x08000283   Thumb Code     0  startup_stm32f746xx.o(.text)
    RTC_WKUP_IRQHandler                      0x08000283   Thumb Code     0  startup_stm32f746xx.o(.text)
    SAI1_IRQHandler                          0x08000283   Thumb Code     0  startup_stm32f746xx.o(.text)
    SAI2_IRQHandler                          0x08000283   Thumb Code     0  startup_stm32f746xx.o(.text)
    SDMMC1_IRQHandler                        0x08000283   Thumb Code     0  startup_stm32f746xx.o(.text)
    SPDIF_RX_IRQHandler                      0x08000283   Thumb Code     0  startup_stm32f746xx.o(.text)
    SPI1_IRQHandler                          0x08000283   Thumb Code     0  startup_stm32f746xx.o(.text)
    SPI2_IRQHandler                          0x08000283   Thumb Code     0  startup_stm32f746xx.o(.text)
    SPI3_IRQHandler                          0x08000283   Thumb Code     0  startup_stm32f746xx.o(.text)
    SPI4_IRQHandler                          0x08000283   Thumb Code     0  startup_stm32f746xx.o(.text)
    SPI5_IRQHandler                          0x08000283   Thumb Code     0  startup_stm32f746xx.o(.text)
    SPI6_IRQHandler                          0x08000283   Thumb Code     0  startup_stm32f746xx.o(.text)
    TAMP_STAMP_IRQHandler                    0x08000283   Thumb Code     0  startup_stm32f746xx.o(.text)
    TIM1_BRK_TIM9_IRQHandler                 0x08000283   Thumb Code     0  startup_stm32f746xx.o(.text)
    TIM1_CC_IRQHandler                       0x08000283   Thumb Code     0  startup_stm32f746xx.o(.text)
    TIM1_TRG_COM_TIM11_IRQHandler            0x08000283   Thumb Code     0  startup_stm32f746xx.o(.text)
    TIM1_UP_TIM10_IRQHandler                 0x08000283   Thumb Code     0  startup_stm32f746xx.o(.text)
    TIM2_IRQHandler                          0x08000283   Thumb Code     0  startup_stm32f746xx.o(.text)
    TIM4_IRQHandler                          0x08000283   Thumb Code     0  startup_stm32f746xx.o(.text)
    TIM5_IRQHandler                          0x08000283   Thumb Code     0  startup_stm32f746xx.o(.text)
    TIM6_DAC_IRQHandler                      0x08000283   Thumb Code     0  startup_stm32f746xx.o(.text)
    TIM7_IRQHandler                          0x08000283   Thumb Code     0  startup_stm32f746xx.o(.text)
    TIM8_BRK_TIM12_IRQHandler                0x08000283   Thumb Code     0  startup_stm32f746xx.o(.text)
    TIM8_CC_IRQHandler                       0x08000283   Thumb Code     0  startup_stm32f746xx.o(.text)
    TIM8_TRG_COM_TIM14_IRQHandler            0x08000283   Thumb Code     0  startup_stm32f746xx.o(.text)
    TIM8_UP_TIM13_IRQHandler                 0x08000283   Thumb Code     0  startup_stm32f746xx.o(.text)
    UART4_IRQHandler                         0x08000283   Thumb Code     0  startup_stm32f746xx.o(.text)
    UART5_IRQHandler                         0x08000283   Thumb Code     0  startup_stm32f746xx.o(.text)
    UART7_IRQHandler                         0x08000283   Thumb Code     0  startup_stm32f746xx.o(.text)
    UART8_IRQHandler                         0x08000283   Thumb Code     0  startup_stm32f746xx.o(.text)
    USART1_IRQHandler                        0x08000283   Thumb Code     0  startup_stm32f746xx.o(.text)
    USART2_IRQHandler                        0x08000283   Thumb Code     0  startup_stm32f746xx.o(.text)
    USART3_IRQHandler                        0x08000283   Thumb Code     0  startup_stm32f746xx.o(.text)
    USART6_IRQHandler                        0x08000283   Thumb Code     0  startup_stm32f746xx.o(.text)
    WWDG_IRQHandler                          0x08000283   Thumb Code     0  startup_stm32f746xx.o(.text)
    __user_initial_stackheap                 0x08000285   Thumb Code     0  startup_stm32f746xx.o(.text)
    NMI_Handler                              0x080002a9   Thumb Code     2  stm32f7xx_it.o(.text)
    HardFault_Handler                        0x080002ab   Thumb Code     4  stm32f7xx_it.o(.text)
    MemManage_Handler                        0x080002af   Thumb Code     4  stm32f7xx_it.o(.text)
    BusFault_Handler                         0x080002b3   Thumb Code     4  stm32f7xx_it.o(.text)
    UsageFault_Handler                       0x080002b7   Thumb Code     4  stm32f7xx_it.o(.text)
    DebugMon_Handler                         0x080002bb   Thumb Code     2  stm32f7xx_it.o(.text)
    SysTick_Handler                          0x080002bd   Thumb Code     2  stm32f7xx_it.o(.text)
    TIM3_IRQHandler                          0x080002bf   Thumb Code     2  stm32f7xx_it.o(.text)
    LTDC_IRQHandler                          0x080002c1   Thumb Code     2  stm32f7xx_it.o(.text)
    DSI_IRQHandler                           0x080002c3   Thumb Code     2  stm32f7xx_it.o(.text)
    SystemInit                               0x080002c5   Thumb Code    82  system_stm32f7xx.o(.text)
    SystemCoreClockUpdate                    0x08000317   Thumb Code   174  system_stm32f7xx.o(.text)
    main                                     0x080003e5   Thumb Code    86  main.o(.text)
    __use_two_region_memory                  0x08000449   Thumb Code     2  heapauxi.o(.text)
    __rt_heap_escrow$2region                 0x0800044b   Thumb Code     2  heapauxi.o(.text)
    __rt_heap_expand$2region                 0x0800044d   Thumb Code     2  heapauxi.o(.text)
    __user_setup_stackheap                   0x0800044f   Thumb Code    74  sys_stackheap_outer.o(.text)
    exit                                     0x08000499   Thumb Code    12  exit.o(.text)
    __user_libspace                          0x080004a5   Thumb Code     8  libspace.o(.text)
    __user_perproc_libspace                  0x080004a5   Thumb Code     0  libspace.o(.text)
    __user_perthread_libspace                0x080004a5   Thumb Code     0  libspace.o(.text)
    _sys_exit                                0x080004ad   Thumb Code     8  sys_exit.o(.text)
    __I$use$semihosting                      0x080004b9   Thumb Code     0  use_no_semi.o(.text)
    __use_no_semihosting_swi                 0x080004b9   Thumb Code     2  use_no_semi.o(.text)
    __semihosting_library_function           0x080004bb   Thumb Code     0  indicate_semi.o(.text)
    _fp_init                                 0x080004bb   Thumb Code    10  fpinit.o(x$fpl$fpinit)
    __fplib_config_fpu_vfp                   0x080004c3   Thumb Code     0  fpinit.o(x$fpl$fpinit)
    __fplib_config_pureend_doubles           0x080004c3   Thumb Code     0  fpinit.o(x$fpl$fpinit)
    AHBPrescTable                            0x080004c4   Data          16  system_stm32f7xx.o(.constdata)
    APBPrescTable                            0x080004d4   Data           8  system_stm32f7xx.o(.constdata)
    Region$$Table$$Base                      0x080004dc   Number         0  anon$$obj.o(Region$$Table)
    Region$$Table$$Limit                     0x080004fc   Number         0  anon$$obj.o(Region$$Table)
    SystemCoreClock                          0x20010000   Data           4  system_stm32f7xx.o(.data)
    __libspace_start                         0x20010004   Data          96  libspace.o(.bss)
    __temporary_stack_top$libspace           0x20010064   Data           0  libspace.o(.bss)



==============================================================================

Memory Map of the image

  Image Entry point : 0x080001c9

  Load Region LR_IROM1 (Base: 0x08000000, Size: 0x00000500, Max: 0x00080000, ABSOLUTE)

    Execution Region ER_IROM1 (Base: 0x08000000, Size: 0x000004fc, Max: 0x00080000, ABSOLUTE)

    Base Addr    Size         Type   Attr      Idx    E Section Name        Object

    0x08000000   0x000001c8   Data   RO            3    RESET               startup_stm32f746xx.o
    0x080001c8   0x00000008   Code   RO         1538  * !!!main             c_w.l(__main.o)
    0x080001d0   0x00000034   Code   RO         1704    !!!scatter          c_w.l(__scatter.o)
    0x08000204   0x0000001a   Code   RO         1706    !!handler_copy      c_w.l(__scatter_copy.o)
    0x0800021e   0x00000002   PAD
    0x08000220   0x0000001c   Code   RO         1708    !!handler_zi        c_w.l(__scatter_zi.o)
    0x0800023c   0x00000002   Code   RO         1575    .ARM.Collect$$libinit$$00000000  c_w.l(libinit.o)
    0x0800023e   0x00000004   Code   RO         1587    .ARM.Collect$$libinit$$00000001  c_w.l(libinit2.o)
    0x08000242   0x00000000   Code   RO         1590    .ARM.Collect$$libinit$$00000004  c_w.l(libinit2.o)
    0x08000242   0x00000000   Code   RO         1593    .ARM.Collect$$libinit$$0000000A  c_w.l(libinit2.o)
    0x08000242   0x00000000   Code   RO         1595    .ARM.Collect$$libinit$$0000000C  c_w.l(libinit2.o)
    0x08000242   0x00000000   Code   RO         1597    .ARM.Collect$$libinit$$0000000E  c_w.l(libinit2.o)
    0x08000242   0x00000000   Code   RO         1600    .ARM.Collect$$libinit$$00000011  c_w.l(libinit2.o)
    0x08000242   0x00000000   Code   RO         1602    .ARM.Collect$$libinit$$00000013  c_w.l(libinit2.o)
    0x08000242   0x00000000   Code   RO         1604    .ARM.Collect$$libinit$$00000015  c_w.l(libinit2.o)
    0x08000242   0x00000000   Code   RO         1606    .ARM.Collect$$libinit$$00000017  c_w.l(libinit2.o)
    0x08000242   0x00000000   Code   RO         1608    .ARM.Collect$$libinit$$00000019  c_w.l(libinit2.o)
    0x08000242   0x00000000   Code   RO         1610    .ARM.Collect$$libinit$$0000001B  c_w.l(libinit2.o)
    0x08000242   0x00000000   Code   RO         1612    .ARM.Collect$$libinit$$0000001D  c_w.l(libinit2.o)
    0x08000242   0x00000000   Code   RO         1614    .ARM.Collect$$libinit$$0000001F  c_w.l(libinit2.o)
    0x08000242   0x00000000   Code   RO         1616    .ARM.Collect$$libinit$$00000021  c_w.l(libinit2.o)
    0x08000242   0x00000000   Code   RO         1618    .ARM.Collect$$libinit$$00000023  c_w.l(libinit2.o)
    0x08000242   0x00000000   Code   RO         1620    .ARM.Collect$$libinit$$00000025  c_w.l(libinit2.o)
    0x08000242   0x00000000   Code   RO         1624    .ARM.Collect$$libinit$$0000002C  c_w.l(libinit2.o)
    0x08000242   0x00000000   Code   RO         1626    .ARM.Collect$$libinit$$0000002E  c_w.l(libinit2.o)
    0x08000242   0x00000000   Code   RO         1628    .ARM.Collect$$libinit$$00000030  c_w.l(libinit2.o)
    0x08000242   0x00000000   Code   RO         1630    .ARM.Collect$$libinit$$00000032  c_w.l(libinit2.o)
    0x08000242   0x00000002   Code   RO         1631    .ARM.Collect$$libinit$$00000033  c_w.l(libinit2.o)
    0x08000244   0x00000002   Code   RO         1662    .ARM.Collect$$libshutdown$$00000000  c_w.l(libshutdown.o)
    0x08000246   0x00000000   Code   RO         1689    .ARM.Collect$$libshutdown$$00000003  c_w.l(libshutdown2.o)
    0x08000246   0x00000000   Code   RO         1692    .ARM.Collect$$libshutdown$$00000006  c_w.l(libshutdown2.o)
    0x08000246   0x00000000   Code   RO         1695    .ARM.Collect$$libshutdown$$00000009  c_w.l(libshutdown2.o)
    0x08000246   0x00000000   Code   RO         1697    .ARM.Collect$$libshutdown$$0000000B  c_w.l(libshutdown2.o)
    0x08000246   0x00000000   Code   RO         1700    .ARM.Collect$$libshutdown$$0000000E  c_w.l(libshutdown2.o)
    0x08000246   0x00000002   Code   RO         1701    .ARM.Collect$$libshutdown$$0000000F  c_w.l(libshutdown2.o)
    0x08000248   0x00000000   Code   RO         1540    .ARM.Collect$$rtentry$$00000000  c_w.l(__rtentry.o)
    0x08000248   0x00000000   Code   RO         1546    .ARM.Collect$$rtentry$$00000002  c_w.l(__rtentry2.o)
    0x08000248   0x00000006   Code   RO         1558    .ARM.Collect$$rtentry$$00000004  c_w.l(__rtentry4.o)
    0x0800024e   0x00000000   Code   RO         1548    .ARM.Collect$$rtentry$$00000009  c_w.l(__rtentry2.o)
    0x0800024e   0x00000004   Code   RO         1549    .ARM.Collect$$rtentry$$0000000A  c_w.l(__rtentry2.o)
    0x08000252   0x00000000   Code   RO         1551    .ARM.Collect$$rtentry$$0000000C  c_w.l(__rtentry2.o)
    0x08000252   0x00000008   Code   RO         1552    .ARM.Collect$$rtentry$$0000000D  c_w.l(__rtentry2.o)
    0x0800025a   0x00000002   Code   RO         1579    .ARM.Collect$$rtexit$$00000000  c_w.l(rtexit.o)
    0x0800025c   0x00000000   Code   RO         1635    .ARM.Collect$$rtexit$$00000002  c_w.l(rtexit2.o)
    0x0800025c   0x00000004   Code   RO         1636    .ARM.Collect$$rtexit$$00000003  c_w.l(rtexit2.o)
    0x08000260   0x00000006   Code   RO         1637    .ARM.Collect$$rtexit$$00000004  c_w.l(rtexit2.o)
    0x08000266   0x00000002   PAD
    0x08000268   0x00000040   Code   RO            4    .text               startup_stm32f746xx.o
    0x080002a8   0x0000001c   Code   RO           13    .text               stm32f7xx_it.o
    0x080002c4   0x00000120   Code   RO          167    .text               system_stm32f7xx.o
    0x080003e4   0x00000064   Code   RO         1500    .text               main.o
    0x08000448   0x00000006   Code   RO         1536    .text               c_w.l(heapauxi.o)
    0x0800044e   0x0000004a   Code   RO         1562    .text               c_w.l(sys_stackheap_outer.o)
    0x08000498   0x0000000c   Code   RO         1564    .text               c_w.l(exit.o)
    0x080004a4   0x00000008   Code   RO         1576    .text               c_w.l(libspace.o)
    0x080004ac   0x0000000c   Code   RO         1632    .text               c_w.l(sys_exit.o)
    0x080004b8   0x00000002   Code   RO         1651    .text               c_w.l(use_no_semi.o)
    0x080004ba   0x00000000   Code   RO         1653    .text               c_w.l(indicate_semi.o)
    0x080004ba   0x0000000a   Code   RO         1647    x$fpl$fpinit        fz_wm.l(fpinit.o)
    0x080004c4   0x00000018   Data   RO          168    .constdata          system_stm32f7xx.o
    0x080004dc   0x00000020   Data   RO         1702    Region$$Table       anon$$obj.o


    Execution Region RW_IRAM1 (Base: 0x20010000, Size: 0x00000668, Max: 0x00040000, ABSOLUTE)

    Base Addr    Size         Type   Attr      Idx    E Section Name        Object

    0x20010000   0x00000004   Data   RW          169    .data               system_stm32f7xx.o
    0x20010004   0x00000060   Zero   RW         1577    .bss                c_w.l(libspace.o)
    0x20010064   0x00000004   PAD
    0x20010068   0x00000200   Zero   RW            2    HEAP                startup_stm32f746xx.o
    0x20010268   0x00000400   Zero   RW            1    STACK               startup_stm32f746xx.o


==============================================================================

Image component sizes


      Code (inc. data)   RO Data    RW Data    ZI Data      Debug   Object Name

       100         14          0          0          0      32290   main.o
        64         26        456          0       1536        868   startup_stm32f746xx.o
        28          0          0          0          0     228658   stm32f7xx_it.o
       288         32         24          4          0       1589   system_stm32f7xx.o

    ----------------------------------------------------------------------
       480         72        512          4       1536     263405   Object Totals
         0          0         32          0          0          0   (incl. Generated)
         0          0          0          0          0          0   (incl. Padding)

    ----------------------------------------------------------------------

      Code (inc. data)   RO Data    RW Data    ZI Data      Debug   Library Member Name

         8          0          0          0          0         68   __main.o
         0          0          0          0          0          0   __rtentry.o
        12          0          0          0          0          0   __rtentry2.o
         6          0          0          0          0          0   __rtentry4.o
        52          8          0          0          0          0   __scatter.o
        26          0          0          0          0          0   __scatter_copy.o
        28          0          0          0          0          0   __scatter_zi.o
        12          0          0          0          0         72   exit.o
         6          0          0          0          0        152   heapauxi.o
         0          0          0          0          0          0   indicate_semi.o
         2          0          0          0          0          0   libinit.o
         6          0          0          0          0          0   libinit2.o
         2          0          0          0          0          0   libshutdown.o
         2          0          0          0          0          0   libshutdown2.o
         8          4          0          0         96         68   libspace.o
         2          0          0          0          0          0   rtexit.o
        10          0          0          0          0          0   rtexit2.o
        12          4          0          0          0         68   sys_exit.o
        74          0          0          0          0         80   sys_stackheap_outer.o
         2          0          0          0          0         68   use_no_semi.o
        10          0          0          0          0        116   fpinit.o

    ----------------------------------------------------------------------
       284         16          0          0        100        692   Library Totals
         4          0          0          0          4          0   (incl. Padding)

    ----------------------------------------------------------------------

      Code (inc. data)   RO Data    RW Data    ZI Data      Debug   Library Name

       270         16          0          0         96        576   c_w.l
        10          0          0          0          0        116   fz_wm.l

    ----------------------------------------------------------------------
       284         16          0          0        100        692   Library Totals

    ----------------------------------------------------------------------

==============================================================================


      Code (inc. data)   RO Data    RW Data    ZI Data      Debug   

       764         88        512          4       1636     263941   Grand Totals
       764         88        512          4       1636     263941   ELF Image Totals
       764         88        512          4          0          0   ROM Totals

==============================================================================

    Total RO  Size (Code + RO Data)                 1276 (   1.25kB)
    Total RW  Size (RW Data + ZI Data)              1640 (   1.60kB)
    Total ROM Size (Code + RO Data + RW Data)       1280 (   1.25kB)

==============================================================================

